Archive member included to satisfy reference by file (symbol)

d:/programs/quartusprime/nios2eds/bin/gnu/h-x86_64-mingw32/bin/../lib/gcc/nios2-elf/5.3.0\libgcc.a(lib2-divmod.o)
                              obj/default/hello_world.o (__modsi3)
d:/programs/quartusprime/nios2eds/bin/gnu/h-x86_64-mingw32/bin/../lib/gcc/nios2-elf/5.3.0/../../../../../H-x86_64-mingw32/nios2-elf/lib\libc.a(lib_a-atoi.o)
                              obj/default/hello_world.o (atoi)
d:/programs/quartusprime/nios2eds/bin/gnu/h-x86_64-mingw32/bin/../lib/gcc/nios2-elf/5.3.0/../../../../../H-x86_64-mingw32/nios2-elf/lib\libc.a(lib_a-fopen.o)
                              obj/default/hello_world.o (fopen)
d:/programs/quartusprime/nios2eds/bin/gnu/h-x86_64-mingw32/bin/../lib/gcc/nios2-elf/5.3.0/../../../../../H-x86_64-mingw32/nios2-elf/lib\libc.a(lib_a-fprintf.o)
                              obj/default/hello_world.o (fprintf)
d:/programs/quartusprime/nios2eds/bin/gnu/h-x86_64-mingw32/bin/../lib/gcc/nios2-elf/5.3.0/../../../../../H-x86_64-mingw32/nios2-elf/lib\libc.a(lib_a-fseek.o)
                              d:/programs/quartusprime/nios2eds/bin/gnu/h-x86_64-mingw32/bin/../lib/gcc/nios2-elf/5.3.0/../../../../../H-x86_64-mingw32/nios2-elf/lib\libc.a(lib_a-fopen.o) (_fseek_r)
d:/programs/quartusprime/nios2eds/bin/gnu/h-x86_64-mingw32/bin/../lib/gcc/nios2-elf/5.3.0/../../../../../H-x86_64-mingw32/nios2-elf/lib\libc.a(lib_a-fseeko.o)
                              d:/programs/quartusprime/nios2eds/bin/gnu/h-x86_64-mingw32/bin/../lib/gcc/nios2-elf/5.3.0/../../../../../H-x86_64-mingw32/nios2-elf/lib\libc.a(lib_a-fseek.o) (_fseeko_r)
d:/programs/quartusprime/nios2eds/bin/gnu/h-x86_64-mingw32/bin/../lib/gcc/nios2-elf/5.3.0/../../../../../H-x86_64-mingw32/nios2-elf/lib\libc.a(lib_a-fstatr.o)
                              d:/programs/quartusprime/nios2eds/bin/gnu/h-x86_64-mingw32/bin/../lib/gcc/nios2-elf/5.3.0/../../../../../H-x86_64-mingw32/nios2-elf/lib\libc.a(lib_a-fseeko.o) (_fstat_r)
d:/programs/quartusprime/nios2eds/bin/gnu/h-x86_64-mingw32/bin/../lib/gcc/nios2-elf/5.3.0/../../../../../H-x86_64-mingw32/nios2-elf/lib\libc.a(lib_a-impure.o)
                              d:/programs/quartusprime/nios2eds/bin/gnu/h-x86_64-mingw32/bin/../lib/gcc/nios2-elf/5.3.0/../../../../../H-x86_64-mingw32/nios2-elf/lib\libc.a(lib_a-fopen.o) (_impure_ptr)
d:/programs/quartusprime/nios2eds/bin/gnu/h-x86_64-mingw32/bin/../lib/gcc/nios2-elf/5.3.0/../../../../../H-x86_64-mingw32/nios2-elf/lib\libc.a(lib_a-int_errno.o)
                              d:/programs/quartusprime/nios2eds/bin/gnu/h-x86_64-mingw32/bin/../lib/gcc/nios2-elf/5.3.0/../../../../../H-x86_64-mingw32/nios2-elf/lib\libc.a(lib_a-fstatr.o) (errno)
d:/programs/quartusprime/nios2eds/bin/gnu/h-x86_64-mingw32/bin/../lib/gcc/nios2-elf/5.3.0/../../../../../H-x86_64-mingw32/nios2-elf/lib\libc.a(lib_a-makebuf.o)
                              d:/programs/quartusprime/nios2eds/bin/gnu/h-x86_64-mingw32/bin/../lib/gcc/nios2-elf/5.3.0/../../../../../H-x86_64-mingw32/nios2-elf/lib\libc.a(lib_a-fseeko.o) (__smakebuf_r)
d:/programs/quartusprime/nios2eds/bin/gnu/h-x86_64-mingw32/bin/../lib/gcc/nios2-elf/5.3.0/../../../../../H-x86_64-mingw32/nios2-elf/lib\libc.a(lib_a-mallocr.o)
                              d:/programs/quartusprime/nios2eds/bin/gnu/h-x86_64-mingw32/bin/../lib/gcc/nios2-elf/5.3.0/../../../../../H-x86_64-mingw32/nios2-elf/lib\libc.a(lib_a-makebuf.o) (_malloc_r)
d:/programs/quartusprime/nios2eds/bin/gnu/h-x86_64-mingw32/bin/../lib/gcc/nios2-elf/5.3.0/../../../../../H-x86_64-mingw32/nios2-elf/lib\libc.a(lib_a-memset.o)
                              d:/programs/quartusprime/nios2eds/bin/gnu/h-x86_64-mingw32/bin/../lib/gcc/nios2-elf/5.3.0/../../../../../H-x86_64-mingw32/nios2-elf/lib\libc.a(lib_a-fseeko.o) (memset)
d:/programs/quartusprime/nios2eds/bin/gnu/h-x86_64-mingw32/bin/../lib/gcc/nios2-elf/5.3.0/../../../../../H-x86_64-mingw32/nios2-elf/lib\libc.a(lib_a-openr.o)
                              d:/programs/quartusprime/nios2eds/bin/gnu/h-x86_64-mingw32/bin/../lib/gcc/nios2-elf/5.3.0/../../../../../H-x86_64-mingw32/nios2-elf/lib\libc.a(lib_a-fopen.o) (_open_r)
d:/programs/quartusprime/nios2eds/bin/gnu/h-x86_64-mingw32/bin/../lib/gcc/nios2-elf/5.3.0/../../../../../H-x86_64-mingw32/nios2-elf/lib\libc.a(lib_a-printf.o)
                              obj/default/hello_world.o (printf)
d:/programs/quartusprime/nios2eds/bin/gnu/h-x86_64-mingw32/bin/../lib/gcc/nios2-elf/5.3.0/../../../../../H-x86_64-mingw32/nios2-elf/lib\libc.a(lib_a-putchar.o)
                              obj/default/hello_world.o (putchar)
d:/programs/quartusprime/nios2eds/bin/gnu/h-x86_64-mingw32/bin/../lib/gcc/nios2-elf/5.3.0/../../../../../H-x86_64-mingw32/nios2-elf/lib\libc.a(lib_a-puts.o)
                              obj/default/hello_world.o (puts)
d:/programs/quartusprime/nios2eds/bin/gnu/h-x86_64-mingw32/bin/../lib/gcc/nios2-elf/5.3.0/../../../../../H-x86_64-mingw32/nios2-elf/lib\libc.a(lib_a-refill.o)
[...]
Memory Configuration

Name             Origin             Length             Attributes
reset            0x0000000000800000 0x0000000000000020
sdram            0x0000000000800020 0x00000000007fffe0
onchip_mem       0x0000000001008000 0x0000000000007800
*default*        0x0000000000000000 0xffffffffffffffff

Linker script and memory map

LOAD ../Assignment1_bsp//obj/HAL/src/crt0.o
LOAD obj/default/hello_world.o
LOAD d:/programs/quartusprime/nios2eds/bin/gnu/h-x86_64-mingw32/bin/../lib/gcc/nios2-elf/5.3.0/../../../../../H-x86_64-mingw32/nios2-elf/lib\libstdc++.a
LOAD d:/programs/quartusprime/nios2eds/bin/gnu/h-x86_64-mingw32/bin/../lib/gcc/nios2-elf/5.3.0/../../../../../H-x86_64-mingw32/nios2-elf/lib\libm.a
LOAD d:/programs/quartusprime/nios2eds/bin/gnu/h-x86_64-mingw32/bin/../lib/gcc/nios2-elf/5.3.0\libgcc.a
START GROUP
LOAD d:/programs/quartusprime/nios2eds/bin/gnu/h-x86_64-mingw32/bin/../lib/gcc/nios2-elf/5.3.0/../../../../../H-x86_64-mingw32/nios2-elf/lib\libc.a
LOAD d:/programs/quartusprime/nios2eds/bin/gnu/h-x86_64-mingw32/bin/../lib/gcc/nios2-elf/5.3.0\libgcc.a
LOAD ../Assignment1_bsp/\libhal_bsp.a
LOAD d:/programs/quartusprime/nios2eds/bin/gnu/h-x86_64-mingw32/bin/../lib/gcc/nios2-elf/5.3.0/../../../../../H-x86_64-mingw32/nios2-elf/lib\libm.a
END GROUP
LOAD d:/programs/quartusprime/nios2eds/bin/gnu/h-x86_64-mingw32/bin/../lib/gcc/nios2-elf/5.3.0\libgcc.a
                0x0000000000800000                __alt_mem_sdram = 0x800000
                0x0000000001008000                __alt_mem_onchip_mem = 0x1008000

.entry          0x0000000000800000       0x20
 *(.entry)
 .entry         0x0000000000800000       0x20 ../Assignment1_bsp//obj/HAL/src/crt0.o
                0x0000000000800000                __reset

.exceptions     0x0000000000800020      0x224
                0x0000000000800020                PROVIDE (__ram_exceptions_start, ABSOLUTE (.))
                0x0000000000800020                . = ALIGN (0x20)
 *(.irq)
 *(.exceptions.entry.label)
 .exceptions.entry.label
                0x0000000000800020        0x0 ../Assignment1_bsp/\libhal_bsp.a(alt_irq_entry.o)
                0x0000000000800020                alt_irq_entry
 .exceptions.entry.label
                0x0000000000800020        0x0 ../Assignment1_bsp/\libhal_bsp.a(alt_exception_entry.o)
                0x0000000000800020                alt_exception
 *(.exceptions.entry.user)
 *(.exceptions.entry.ecc_fatal)
 *(.exceptions.entry)
 .exceptions.entry
                0x0000000000800020       0x54 ../Assignment1_bsp/\libhal_bsp.a(alt_exception_entry.o)
 *(.exceptions.irqtest.user)
 *(.exceptions.irqtest)
 .exceptions.irqtest
                0x0000000000800074       0x10 ../Assignment1_bsp/\libhal_bsp.a(alt_irq_entry.o)
 *(.exceptions.irqhandler.user)
 *(.exceptions.irqhandler)
 .exceptions.irqhandler
                0x0000000000800084        0x4 ../Assignment1_bsp/\libhal_bsp.a(alt_irq_entry.o)
 *(.exceptions.irqreturn.user)
 *(.exceptions.irqreturn)
 .exceptions.irqreturn
                0x0000000000800088        0x4 ../Assignment1_bsp/\libhal_bsp.a(alt_irq_entry.o)
 *(.exceptions.notirq.label)
 .exceptions.notirq.label
                0x000000000080008c        0x0 ../Assignment1_bsp/\libhal_bsp.a(alt_irq_entry.o)
 *(.exceptions.notirq.user)
 *(.exceptions.notirq)
 .exceptions.notirq
                0x000000000080008c        0x8 ../Assignment1_bsp/\libhal_bsp.a(alt_exception_entry.o)
 *(.exceptions.soft.user)
 *(.exceptions.soft)
 *(.exceptions.unknown.user)
 *(.exceptions.unknown)
 .exceptions.unknown
                0x0000000000800094       0x14 ../Assignment1_bsp/\libhal_bsp.a(alt_exception_entry.o)
 *(.exceptions.exit.label)
 .exceptions.exit.label
                0x00000000008000a8        0x0 ../Assignment1_bsp/\libhal_bsp.a(alt_irq_entry.o)
 .exceptions.exit.label
                0x00000000008000a8        0x0 ../Assignment1_bsp/\libhal_bsp.a(alt_exception_entry.o)
 *(.exceptions.exit.user)
 *(.exceptions.exit)
 .exceptions.exit
                0x00000000008000a8       0x54 ../Assignment1_bsp/\libhal_bsp.a(alt_exception_entry.o)
 *(.exceptions)
 .exceptions    0x00000000008000fc       0xd4 ../Assignment1_bsp/\libhal_bsp.a(alt_irq_handler.o)
                0x00000000008000fc                alt_irq_handler
 .exceptions    0x00000000008001d0       0x74 ../Assignment1_bsp/\libhal_bsp.a(alt_instruction_exception_entry.o)
                0x00000000008001d0                alt_instruction_exception_entry
                0x0000000000800244                PROVIDE (__ram_exceptions_end, ABSOLUTE (.))
                0x0000000000800020                PROVIDE (__flash_exceptions_start, LOADADDR (.exceptions))

.text           0x0000000000800244    0x124f0
                [!provide]                        PROVIDE (stext, ABSOLUTE (.))
 *(.interp)
 *(.hash)
 *(.dynsym)
 *(.dynstr)
 *(.gnu.version)
 *(.gnu.version_d)
 *(.gnu.version_r)
 *(.rel.init)
 *(.rela.init)
 *(.rel.text .rel.text.* .rel.gnu.linkonce.t.*)
 *(.rela.text .rela.text.* .rela.gnu.linkonce.t.*)
 *(.rel.fini)
 *(.rela.fini)
 *(.rel.rodata .rel.rodata.* .rel.gnu.linkonce.r.*)
 *(.rela.rodata .rela.rodata.* .rela.gnu.linkonce.r.*)
 *(.rel.data .rel.data.* .rel.gnu.linkonce.d.*)
 *(.rela.data .rela.data.* .rela.gnu.linkonce.d.*)
 *(.rel.tdata .rel.tdata.* .rel.gnu.linkonce.td.*)
 *(.rela.tdata .rela.tdata.* .rela.gnu.linkonce.td.*)
 *(.rel.tbss .rel.tbss.* .rel.gnu.linkonce.tb.*)
 *(.rela.tbss .rela.tbss.* .rela.gnu.linkonce.tb.*)
 *(.rel.ctors)
 *(.rela.ctors)
 *(.rel.dtors)
 *(.rela.dtors)
 *(.rel.got)
 *(.rela.got)
 *(.rel.sdata .rel.sdata.* .rel.gnu.linkonce.s.*)
 *(.rela.sdata .rela.sdata.* .rela.gnu.linkonce.s.*)
 *(.rel.sbss .rel.sbss.* .rel.gnu.linkonce.sb.*)
 *(.rela.sbss .rela.sbss.* .rela.gnu.linkonce.sb.*)
 *(.rel.sdata2 .rel.sdata2.* .rel.gnu.linkonce.s2.*)
 *(.rela.sdata2 .rela.sdata2.* .rela.gnu.linkonce.s2.*)
 *(.rel.sbss2 .rel.sbss2.* .rel.gnu.linkonce.sb2.*)
 *(.rela.sbss2 .rela.sbss2.* .rela.gnu.linkonce.sb2.*)
 *(.rel.bss .rel.bss.* .rel.gnu.linkonce.b.*)
 *(.rela.bss .rela.bss.* .rela.gnu.linkonce.b.*)
 *(.rel.plt)
 *(.rela.plt)
 *(.rel.dyn)
 *(.init)
 *(.plt)
 *(.text .stub .text.* .gnu.linkonce.t.*)
 .text          0x0000000000800244       0x4c ../Assignment1_bsp//obj/HAL/src/crt0.o
                0x0000000000800244                _start
 .text          0x0000000000800290      0xb60 obj/default/hello_world.o
                0x0000000000800290                tlc_timer_isr
                0x0000000000800340                main
                0x00000000008003cc                ResetAllStates
                0x0000000000800454                UpdateMode
                0x0000000000800578                InSafeState
                0x00000000008005b4                lcd_set_mode
                0x0000000000800634                simple_tlc
                0x0000000000800738                init_buttons_pio
                0x0000000000800798                nextState
                0x00000000008007e0                pedestrian_tlc
                0x00000000008009bc                NSEW_ped_isr
                0x0000000000800ac4                configurable_tlc
                0x0000000000800afc                timeout_data_handler
                0x0000000000800c8c                ParseNewTimeout
 .text          0x0000000000800df0      0x1b4 d:/programs/quartusprime/nios2eds/bin/gnu/h-x86_64-mingw32/bin/../lib/gcc/nios2-elf/5.3.0\libgcc.a(lib2-divmod.o)
                0x0000000000800df0                __divsi3
                0x0000000000800e74                __modsi3
                0x0000000000800ee8                __udivsi3
                0x0000000000800f4c                __umodsi3
 .text          0x0000000000800fa4        0x0 d:/programs/quartusprime/nios2eds/bin/gnu/h-x86_64-mingw32/bin/../lib/gcc/nios2-elf/5.3.0/../../../../../H-x86_64-mingw32/nios2-elf/lib\libc.a(lib_a-atoi.o)
 .text.atoi     0x0000000000800fa4        0xc d:/programs/quartusprime/nios2eds/bin/gnu/h-x86_64-mingw32/bin/../lib/gcc/nios2-elf/5.3.0/../../../../../H-x86_64-mingw32/nios2-elf/lib\libc.a(lib_a-atoi.o)
                0x0000000000800fa4                atoi
 .text._atoi_r  0x0000000000800fb0        0xc d:/programs/quartusprime/nios2eds/bin/gnu/h-x86_64-mingw32/bin/../lib/gcc/nios2-elf/5.3.0/../../../../../H-x86_64-mingw32/nios2-elf/lib\libc.a(lib_a-atoi.o)
                0x0000000000800fb0                _atoi_r
 .text          0x0000000000800fbc        0x0 d:/programs/quartusprime/nios2eds/bin/gnu/h-x86_64-mingw32/bin/../lib/gcc/nios2-elf/5.3.0/../../../../../H-x86_64-mingw32/nios2-elf/lib\libc.a(lib_a-fopen.o)
 .text._fopen_r
                0x0000000000800fbc       0xf4 d:/programs/quartusprime/nios2eds/bin/gnu/h-x86_64-mingw32/bin/../lib/gcc/nios2-elf/5.3.0/../../../../../H-x86_64-mingw32/nios2-elf/lib\libc.a(lib_a-fopen.o)
                0x0000000000800fbc                _fopen_r
 .text.fopen    0x00000000008010b0       0x18 d:/programs/quartusprime/nios2eds/bin/gnu/h-x86_64-mingw32/bin/../lib/gcc/nios2-elf/5.3.0/../../../../../H-x86_64-mingw32/nios2-elf/lib\libc.a(lib_a-fopen.o)
                0x00000000008010b0                fopen
 .text          0x00000000008010c8        0x0 d:/programs/quartusprime/nios2eds/bin/gnu/h-x86_64-mingw32/bin/../lib/gcc/nios2-elf/5.3.0/../../../../../H-x86_64-mingw32/nios2-elf/lib\libc.a(lib_a-fprintf.o)
 .text._fprintf_r
                0x00000000008010c8       0x28 d:/programs/quartusprime/nios2eds/bin/gnu/h-x86_64-mingw32/bin/../lib/gcc/nios2-elf/5.3.0/../../../../../H-x86_64-mingw32/nios2-elf/lib\libc.a(lib_a-fprintf.o)
                0x00000000008010c8                _fprintf_r
 .text.fprintf  0x00000000008010f0       0x24 d:/programs/quartusprime/nios2eds/bin/gnu/h-x86_64-mingw32/bin/../lib/gcc/nios2-elf/5.3.0/../../../../../H-x86_64-mingw32/nios2-elf/lib\libc.a(lib_a-fprintf.o)
                0x00000000008010f0                fprintf
 .text          0x0000000000801114        0x0 d:/programs/quartusprime/nios2eds/bin/gnu/h-x86_64-mingw32/bin/../lib/gcc/nios2-elf/5.3.0/../../../../../H-x86_64-mingw32/nios2-elf/lib\libc.a(lib_a-fseek.o)
 .text._fseek_r
                0x0000000000801114        0x4 d:/programs/quartusprime/nios2eds/bin/gnu/h-x86_64-mingw32/bin/../lib/gcc/nios2-elf/5.3.0/../../../../../H-x86_64-mingw32/nios2-elf/lib\libc.a(lib_a-fseek.o)
                0x0000000000801114                _fseek_r
 .text.fseek    0x0000000000801118       0x1c d:/programs/quartusprime/nios2eds/bin/gnu/h-x86_64-mingw32/bin/../lib/gcc/nios2-elf/5.3.0/../../../../../H-x86_64-mingw32/nios2-elf/lib\libc.a(lib_a-fseek.o)
                0x0000000000801118                fseek
 .text          0x0000000000801134        0x0 d:/programs/quartusprime/nios2eds/bin/gnu/h-x86_64-mingw32/bin/../lib/gcc/nios2-elf/5.3.0/../../../../../H-x86_64-mingw32/nios2-elf/lib\libc.a(lib_a-fseeko.o)
 .text._fseeko_r
                0x0000000000801134      0x444 d:/programs/quartusprime/nios2eds/bin/gnu/h-x86_64-mingw32/bin/../lib/gcc/nios2-elf/5.3.0/../../../../../H-x86_64-mingw32/nios2-elf/lib\libc.a(lib_a-fseeko.o)
                0x0000000000801134                _fseeko_r
 .text.fseeko   0x0000000000801578       0x1c d:/programs/quartusprime/nios2eds/bin/gnu/h-x86_64-mingw32/bin/../lib/gcc/nios2-elf/5.3.0/../../../../../H-x86_64-mingw32/nios2-elf/lib\libc.a(lib_a-fseeko.o)
                0x0000000000801578                fseeko
 .text          0x0000000000801594        0x0 d:/programs/quartusprime/nios2eds/bin/gnu/h-x86_64-mingw32/bin/../lib/gcc/nios2-elf/5.3.0/../../../../../H-x86_64-mingw32/nios2-elf/lib\libc.a(lib_a-fstatr.o)
 .text._fstat_r
                0x0000000000801594       0x5c d:/programs/quartusprime/nios2eds/bin/gnu/h-x86_64-mingw32/bin/../lib/gcc/nios2-elf/5.3.0/../../../../../H-x86_64-mingw32/nios2-elf/lib\libc.a(lib_a-fstatr.o)
                0x0000000000801594                _fstat_r
 .text          0x00000000008015f0        0x0 d:/programs/quartusprime/nios2eds/bin/gnu/h-x86_64-mingw32/bin/../lib/gcc/nios2-elf/5.3.0/../../../../../H-x86_64-mingw32/nios2-elf/lib\libc.a(lib_a-impure.o)
 .text          0x00000000008015f0        0x0 d:/programs/quartusprime/nios2eds/bin/gnu/h-x86_64-mingw32/bin/../lib/gcc/nios2-elf/5.3.0/../../../../../H-x86_64-mingw32/nios2-elf/lib\libc.a(lib_a-int_errno.o)
 .text          0x00000000008015f0        0x0 d:/programs/quartusprime/nios2eds/bin/gnu/h-x86_64-mingw32/bin/../lib/gcc/nios2-elf/5.3.0/../../../../../H-x86_64-mingw32/nios2-elf/lib\libc.a(lib_a-makebuf.o)
 .text.__smakebuf_r
                0x00000000008015f0      0x1bc d:/programs/quartusprime/nios2eds/bin/gnu/h-x86_64-mingw32/bin/../lib/gcc/nios2-elf/5.3.0/../../../../../H-x86_64-mingw32/nios2-elf/lib\libc.a(lib_a-makebuf.o)
                0x00000000008015f0                __smakebuf_r
 .text          0x00000000008017ac        0x0 d:/programs/quartusprime/nios2eds/bin/gnu/h-x86_64-mingw32/bin/../lib/gcc/nios2-elf/5.3.0/../../../../../H-x86_64-mingw32/nios2-elf/lib\libc.a(lib_a-mallocr.o)
 .text._malloc_r
                0x00000000008017ac      0x80c d:/programs/quartusprime/nios2eds/bin/gnu/h-x86_64-mingw32/bin/../lib/gcc/nios2-elf/5.3.0/../../../../../H-x86_64-mingw32/nios2-elf/lib\libc.a(lib_a-mallocr.o)
                0x00000000008017ac                _malloc_r
 .text          0x0000000000801fb8        0x0 d:/programs/quartusprime/nios2eds/bin/gnu/h-x86_64-mingw32/bin/../lib/gcc/nios2-elf/5.3.0/../../../../../H-x86_64-mingw32/nios2-elf/lib\libc.a(lib_a-memset.o)
 .text.memset   0x0000000000801fb8      0x128 d:/programs/quartusprime/nios2eds/bin/gnu/h-x86_64-mingw32/bin/../lib/gcc/nios2-elf/5.3.0/../../../../../H-x86_64-mingw32/nios2-elf/lib\libc.a(lib_a-memset.o)
                0x0000000000801fb8                memset
 .text          0x00000000008020e0        0x0 d:/programs/quartusprime/nios2eds/bin/gnu/h-x86_64-mingw32/bin/../lib/gcc/nios2-elf/5.3.0/../../../../../H-x86_64-mingw32/nios2-elf/lib\libc.a(lib_a-openr.o)
 .text._open_r  0x00000000008020e0       0x60 d:/programs/quartusprime/nios2eds/bin/gnu/h-x86_64-mingw32/bin/../lib/gcc/nios2-elf/5.3.0/../../../../../H-x86_64-mingw32/nios2-elf/lib\libc.a(lib_a-openr.o)
                0x00000000008020e0                _open_r
 .text          0x0000000000802140        0x0 d:/programs/quartusprime/nios2eds/bin/gnu/h-x86_64-mingw32/bin/../lib/gcc/nios2-elf/5.3.0/../../../../../H-x86_64-mingw32/nios2-elf/lib\libc.a(lib_a-printf.o)
 .text._printf_r
                0x0000000000802140       0x30 d:/programs/quartusprime/nios2eds/bin/gnu/h-x86_64-mingw32/bin/../lib/gcc/nios2-elf/5.3.0/../../../../../H-x86_64-mingw32/nios2-elf/lib\libc.a(lib_a-printf.o)
                0x0000000000802140                _printf_r
 .text.printf   0x0000000000802170       0x3c d:/programs/quartusprime/nios2eds/bin/gnu/h-x86_64-mingw32/bin/../lib/gcc/nios2-elf/5.3.0/../../../../../H-x86_64-mingw32/nios2-elf/lib\libc.a(lib_a-printf.o)
                0x0000000000802170                printf
 .text          0x00000000008021ac        0x0 d:/programs/quartusprime/nios2eds/bin/gnu/h-x86_64-mingw32/bin/../lib/gcc/nios2-elf/5.3.0/../../../../../H-x86_64-mingw32/nios2-elf/lib\libc.a(lib_a-putchar.o)
 .text._putchar_r
                0x00000000008021ac        0x8 d:/programs/quartusprime/nios2eds/bin/gnu/h-x86_64-mingw32/bin/../lib/gcc/nios2-elf/5.3.0/../../../../../H-x86_64-mingw32/nios2-elf/lib\libc.a(lib_a-putchar.o)
                0x00000000008021ac                _putchar_r
 .text.putchar  0x00000000008021b4       0x18 d:/programs/quartusprime/nios2eds/bin/gnu/h-x86_64-mingw32/bin/../lib/gcc/nios2-elf/5.3.0/../../../../../H-x86_64-mingw32/nios2-elf/lib\libc.a(lib_a-putchar.o)
                0x00000000008021b4                putchar
 .text          0x00000000008021cc        0x0 d:/programs/quartusprime/nios2eds/bin/gnu/h-x86_64-mingw32/bin/../lib/gcc/nios2-elf/5.3.0/../../../../../H-x86_64-mingw32/nios2-elf/lib\libc.a(lib_a-puts.o)
 .text._puts_r  0x00000000008021cc       0xc0 d:/programs/quartusprime/nios2eds/bin/gnu/h-x86_64-mingw32/bin/../lib/gcc/nios2-elf/5.3.0/../../../../../H-x86_64-mingw32/nios2-elf/lib\libc.a(lib_a-puts.o)
                0x00000000008021cc                _puts_r
 .text.puts     0x000000000080228c       0x14 d:/programs/quartusprime/nios2eds/bin/gnu/h-x86_64-mingw32/bin/../lib/gcc/nios2-elf/5.3.0/../../../../../H-x86_64-mingw32/nios2-elf/lib\libc.a(lib_a-puts.o)
                0x000000000080228c                puts
 .text          0x00000000008022a0        0x0 d:/programs/quartusprime/nios2eds/bin/gnu/h-x86_64-mingw32/bin/../lib/gcc/nios2-elf/5.3.0/../../../../../H-x86_64-mingw32/nios2-elf/lib\libc.a(lib_a-refill.o)
 .text.lflush   0x00000000008022a0       0x1c d:/programs/quartusprime/nios2eds/bin/gnu/h-x86_64-mingw32/bin/../lib/gcc/nios2-elf/5.3.0/../../../../../H-x86_64-mingw32/nios2-elf/lib\libc.a(lib_a-refill.o)
 .text.__srefill_r
                0x00000000008022bc      0x1d4 d:/programs/quartusprime/nios2eds/bin/gnu/h-x86_64-mingw32/bin/../lib/gcc/nios2-elf/5.3.0/../../../../../H-x86_64-mingw32/nios2-elf/lib\libc.a(lib_a-refill.o)
                0x00000000008022bc                __srefill_r
 .text          0x0000000000802490        0x0 d:/programs/quartusprime/nios2eds/bin/gnu/h-x86_64-mingw32/bin/../lib/gcc/nios2-elf/5.3.0/../../../../../H-x86_64-mingw32/nios2-elf/lib\libc.a(lib_a-sbrkr.o)
 .text._sbrk_r  0x0000000000802490       0x54 d:/programs/quartusprime/nios2eds/bin/gnu/h-x86_64-mingw32/bin/../lib/gcc/nios2-elf/5.3.0/../../../../../H-x86_64-mingw32/nios2-elf/lib\libc.a(lib_a-sbrkr.o)
                0x0000000000802490                _sbrk_r
 .text          0x00000000008024e4        0x0 d:/programs/quartusprime/nios2eds/bin/gnu/h-x86_64-mingw32/bin/../lib/gcc/nios2-elf/5.3.0/../../../../../H-x86_64-mingw32/nios2-elf/lib\libc.a(lib_a-stdio.o)
 .text.__sread  0x00000000008024e4       0x54 d:/programs/quartusprime/nios2eds/bin/gnu/h-x86_64-mingw32/bin/../lib/gcc/nios2-elf/5.3.0/../../../../../H-x86_64-mingw32/nios2-elf/lib\libc.a(lib_a-stdio.o)
                0x00000000008024e4                __sread
 .text.__seofread
                0x0000000000802538        0x8 d:/programs/quartusprime/nios2eds/bin/gnu/h-x86_64-mingw32/bin/../lib/gcc/nios2-elf/5.3.0/../../../../../H-x86_64-mingw32/nios2-elf/lib\libc.a(lib_a-stdio.o)
                0x0000000000802538                __seofread
 .text.__swrite
                0x0000000000802540       0x7c d:/programs/quartusprime/nios2eds/bin/gnu/h-x86_64-mingw32/bin/../lib/gcc/nios2-elf/5.3.0/../../../../../H-x86_64-mingw32/nios2-elf/lib\libc.a(lib_a-stdio.o)
                0x0000000000802540                __swrite
 .text.__sseek  0x00000000008025bc       0x5c d:/programs/quartusprime/nios2eds/bin/gnu/h-x86_64-mingw32/bin/../lib/gcc/nios2-elf/5.3.0/../../../../../H-x86_64-mingw32/nios2-elf/lib\libc.a(lib_a-stdio.o)
                0x00000000008025bc                __sseek
 .text.__sclose
                0x0000000000802618        0x8 d:/programs/quartusprime/nios2eds/bin/gnu/h-x86_64-mingw32/bin/../lib/gcc/nios2-elf/5.3.0/../../../../../H-x86_64-mingw32/nios2-elf/lib\libc.a(lib_a-stdio.o)
                0x0000000000802618                __sclose
 .text          0x0000000000802620        0x0 d:/programs/quartusprime/nios2eds/bin/gnu/h-x86_64-mingw32/bin/../lib/gcc/nios2-elf/5.3.0/../../../../../H-x86_64-mingw32/nios2-elf/lib\libc.a(lib_a-strlen.o)
 .text.strlen   0x0000000000802620       0x98 d:/programs/quartusprime/nios2eds/bin/gnu/h-x86_64-mingw32/bin/../lib/gcc/nios2-elf/5.3.0/../../../../../H-x86_64-mingw32/nios2-elf/lib\libc.a(lib_a-strlen.o)
                0x0000000000802620                strlen
 .text          0x00000000008026b8        0x0 d:/programs/quartusprime/nios2eds/bin/gnu/h-x86_64-mingw32/bin/../lib/gcc/nios2-elf/5.3.0/../../../../../H-x86_64-mingw32/nios2-elf/lib\libc.a(lib_a-strtok.o)
 .text.strtok   0x00000000008026b8       0x18 d:/programs/quartusprime/nios2eds/bin/gnu/h-x86_64-mingw32/bin/../lib/gcc/nios2-elf/5.3.0/../../../../../H-x86_64-mingw32/nios2-elf/lib\libc.a(lib_a-strtok.o)
                0x00000000008026b8                strtok
 .text          0x00000000008026d0        0x0 d:/programs/quartusprime/nios2eds/bin/gnu/h-x86_64-mingw32/bin/../lib/gcc/nios2-elf/5.3.0/../../../../../H-x86_64-mingw32/nios2-elf/lib\libc.a(lib_a-strtok_r.o)
 .text.__strtok_r
                0x00000000008026d0       0x9c d:/programs/quartusprime/nios2eds/bin/gnu/h-x86_64-mingw32/bin/../lib/gcc/nios2-elf/5.3.0/../../../../../H-x86_64-mingw32/nios2-elf/lib\libc.a(lib_a-strtok_r.o)
                0x00000000008026d0                __strtok_r
 .text.strtok_r
                0x000000000080276c        0x8 d:/programs/quartusprime/nios2eds/bin/gnu/h-x86_64-mingw32/bin/../lib/gcc/nios2-elf/5.3.0/../../../../../H-x86_64-mingw32/nios2-elf/lib\libc.a(lib_a-strtok_r.o)
                0x000000000080276c                strtok_r
 .text          0x0000000000802774        0x0 d:/programs/quartusprime/nios2eds/bin/gnu/h-x86_64-mingw32/bin/../lib/gcc/nios2-elf/5.3.0/../../../../../H-x86_64-mingw32/nios2-elf/lib\libc.a(lib_a-strtol.o)
 .text._strtol_r
                0x0000000000802774      0x238 d:/programs/quartusprime/nios2eds/bin/gnu/h-x86_64-mingw32/bin/../lib/gcc/nios2-elf/5.3.0/../../../../../H-x86_64-mingw32/nios2-elf/lib\libc.a(lib_a-strtol.o)
                0x0000000000802774                _strtol_r
 .text.strtol   0x00000000008029ac       0x1c d:/programs/quartusprime/nios2eds/bin/gnu/h-x86_64-mingw32/bin/../lib/gcc/nios2-elf/5.3.0/../../../../../H-x86_64-mingw32/nios2-elf/lib\libc.a(lib_a-strtol.o)
                0x00000000008029ac                strtol
 .text          0x00000000008029c8        0x0 d:/programs/quartusprime/nios2eds/bin/gnu/h-x86_64-mingw32/bin/../lib/gcc/nios2-elf/5.3.0/../../../../../H-x86_64-mingw32/nios2-elf/lib\libc.a(lib_a-vfprintf.o)
 .text.___vfprintf_internal_r
                0x00000000008029c8     0x21f8 d:/programs/quartusprime/nios2eds/bin/gnu/h-x86_64-mingw32/bin/../lib/gcc/nios2-elf/5.3.0/../../../../../H-x86_64-mingw32/nios2-elf/lib\libc.a(lib_a-vfprintf.o)
                0x00000000008029c8                ___vfprintf_internal_r
 .text.__vfprintf_internal
                0x0000000000804bc0       0x1c d:/programs/quartusprime/nios2eds/bin/gnu/h-x86_64-mingw32/bin/../lib/gcc/nios2-elf/5.3.0/../../../../../H-x86_64-mingw32/nios2-elf/lib\libc.a(lib_a-vfprintf.o)
                0x0000000000804bc0                __vfprintf_internal
 .text.__sbprintf
                0x0000000000804bdc       0xbc d:/programs/quartusprime/nios2eds/bin/gnu/h-x86_64-mingw32/bin/../lib/gcc/nios2-elf/5.3.0/../../../../../H-x86_64-mingw32/nios2-elf/lib\libc.a(lib_a-vfprintf.o)
 .text          0x0000000000804c98        0x0 d:/programs/quartusprime/nios2eds/bin/gnu/h-x86_64-mingw32/bin/../lib/gcc/nios2-elf/5.3.0/../../../../../H-x86_64-mingw32/nios2-elf/lib\libc.a(lib_a-writer.o)
 .text._write_r
                0x0000000000804c98       0x60 d:/programs/quartusprime/nios2eds/bin/gnu/h-x86_64-mingw32/bin/../lib/gcc/nios2-elf/5.3.0/../../../../../H-x86_64-mingw32/nios2-elf/lib\libc.a(lib_a-writer.o)
                0x0000000000804c98                _write_r
 .text          0x0000000000804cf8        0x0 d:/programs/quartusprime/nios2eds/bin/gnu/h-x86_64-mingw32/bin/../lib/gcc/nios2-elf/5.3.0/../../../../../H-x86_64-mingw32/nios2-elf/lib\libc.a(lib_a-wsetup.o)
 .text.__swsetup_r
                0x0000000000804cf8      0x154 d:/programs/quartusprime/nios2eds/bin/gnu/h-x86_64-mingw32/bin/../lib/gcc/nios2-elf/5.3.0/../../../../../H-x86_64-mingw32/nios2-elf/lib\libc.a(lib_a-wsetup.o)
                0x0000000000804cf8                __swsetup_r
 .text          0x0000000000804e4c        0x0 d:/programs/quartusprime/nios2eds/bin/gnu/h-x86_64-mingw32/bin/../lib/gcc/nios2-elf/5.3.0/../../../../../H-x86_64-mingw32/nios2-elf/lib\libc.a(closer.o)
 .text._close_r
                0x0000000000804e4c       0x54 d:/programs/quartusprime/nios2eds/bin/gnu/h-x86_64-mingw32/bin/../lib/gcc/nios2-elf/5.3.0/../../../../../H-x86_64-mingw32/nios2-elf/lib\libc.a(closer.o)
                0x0000000000804e4c                _close_r
 .text          0x0000000000804ea0        0x0 d:/programs/quartusprime/nios2eds/bin/gnu/h-x86_64-mingw32/bin/../lib/gcc/nios2-elf/5.3.0/../../../../../H-x86_64-mingw32/nios2-elf/lib\libc.a(lib_a-ctype_.o)
 .text          0x0000000000804ea0        0x0 d:/programs/quartusprime/nios2eds/bin/gnu/h-x86_64-mingw32/bin/../lib/gcc/nios2-elf/5.3.0/../../../../../H-x86_64-mingw32/nios2-elf/lib\libc.a(lib_a-dtoa.o)
 .text.quorem   0x0000000000804ea0      0x200 d:/programs/quartusprime/nios2eds/bin/gnu/h-x86_64-mingw32/bin/../lib/gcc/nios2-elf/5.3.0/../../../../../H-x86_64-mingw32/nios2-elf/lib\libc.a(lib_a-dtoa.o)
 .text._dtoa_r  0x00000000008050a0     0x1688 d:/programs/quartusprime/nios2eds/bin/gnu/h-x86_64-mingw32/bin/../lib/gcc/nios2-elf/5.3.0/../../../../../H-x86_64-mingw32/nios2-elf/lib\libc.a(lib_a-dtoa.o)
                0x00000000008050a0                _dtoa_r
 .text          0x0000000000806728        0x0 d:/programs/quartusprime/nios2eds/bin/gnu/h-x86_64-mingw32/bin/../lib/gcc/nios2-elf/5.3.0/../../../../../H-x86_64-mingw32/nios2-elf/lib\libc.a(lib_a-fflush.o)
 .text.__sflush_r
                0x0000000000806728      0x21c d:/programs/quartusprime/nios2eds/bin/gnu/h-x86_64-mingw32/bin/../lib/gcc/nios2-elf/5.3.0/../../../../../H-x86_64-mingw32/nios2-elf/lib\libc.a(lib_a-fflush.o)
                0x0000000000806728                __sflush_r
 .text._fflush_r
                0x0000000000806944       0x5c d:/programs/quartusprime/nios2eds/bin/gnu/h-x86_64-mingw32/bin/../lib/gcc/nios2-elf/5.3.0/../../../../../H-x86_64-mingw32/nios2-elf/lib\libc.a(lib_a-fflush.o)
                0x0000000000806944                _fflush_r
 .text.fflush   0x00000000008069a0       0x30 d:/programs/quartusprime/nios2eds/bin/gnu/h-x86_64-mingw32/bin/../lib/gcc/nios2-elf/5.3.0/../../../../../H-x86_64-mingw32/nios2-elf/lib\libc.a(lib_a-fflush.o)
                0x00000000008069a0                fflush
 .text          0x00000000008069d0        0x0 d:/programs/quartusprime/nios2eds/bin/gnu/h-x86_64-mingw32/bin/../lib/gcc/nios2-elf/5.3.0/../../../../../H-x86_64-mingw32/nios2-elf/lib\libc.a(lib_a-findfp.o)
 .text.__fp_unlock
                0x00000000008069d0        0x8 d:/programs/quartusprime/nios2eds/bin/gnu/h-x86_64-mingw32/bin/../lib/gcc/nios2-elf/5.3.0/../../../../../H-x86_64-mingw32/nios2-elf/lib\libc.a(lib_a-findfp.o)
 .text._cleanup_r
                0x00000000008069d8        0xc d:/programs/quartusprime/nios2eds/bin/gnu/h-x86_64-mingw32/bin/../lib/gcc/nios2-elf/5.3.0/../../../../../H-x86_64-mingw32/nios2-elf/lib\libc.a(lib_a-findfp.o)
                0x00000000008069d8                _cleanup_r
 .text.__sinit.part.1
                0x00000000008069e4      0x19c d:/programs/quartusprime/nios2eds/bin/gnu/h-x86_64-mingw32/bin/../lib/gcc/nios2-elf/5.3.0/../../../../../H-x86_64-mingw32/nios2-elf/lib\libc.a(lib_a-findfp.o)
 .text.__fp_lock
                0x0000000000806b80        0x8 d:/programs/quartusprime/nios2eds/bin/gnu/h-x86_64-mingw32/bin/../lib/gcc/nios2-elf/5.3.0/../../../../../H-x86_64-mingw32/nios2-elf/lib\libc.a(lib_a-findfp.o)
 .text.__sfmoreglue
                0x0000000000806b88       0x68 d:/programs/quartusprime/nios2eds/bin/gnu/h-x86_64-mingw32/bin/../lib/gcc/nios2-elf/5.3.0/../../../../../H-x86_64-mingw32/nios2-elf/lib\libc.a(lib_a-findfp.o)
                0x0000000000806b88                __sfmoreglue
 .text.__sfp    0x0000000000806bf0      0x118 d:/programs/quartusprime/nios2eds/bin/gnu/h-x86_64-mingw32/bin/../lib/gcc/nios2-elf/5.3.0/../../../../../H-x86_64-mingw32/nios2-elf/lib\libc.a(lib_a-findfp.o)
                0x0000000000806bf0                __sfp
 .text._cleanup
                0x0000000000806d08       0x18 d:/programs/quartusprime/nios2eds/bin/gnu/h-x86_64-mingw32/bin/../lib/gcc/nios2-elf/5.3.0/../../../../../H-x86_64-mingw32/nios2-elf/lib\libc.a(lib_a-findfp.o)
                0x0000000000806d08                _cleanup
 .text.__sinit  0x0000000000806d20       0x10 d:/programs/quartusprime/nios2eds/bin/gnu/h-x86_64-mingw32/bin/../lib/gcc/nios2-elf/5.3.0/../../../../../H-x86_64-mingw32/nios2-elf/lib\libc.a(lib_a-findfp.o)
                0x0000000000806d20                __sinit
 .text.__sfp_lock_acquire
                0x0000000000806d30        0x4 d:/programs/quartusprime/nios2eds/bin/gnu/h-x86_64-mingw32/bin/../lib/gcc/nios2-elf/5.3.0/../../../../../H-x86_64-mingw32/nios2-elf/lib\libc.a(lib_a-findfp.o)
                0x0000000000806d30                __sfp_lock_acquire
 .text.__sfp_lock_release
                0x0000000000806d34        0x4 d:/programs/quartusprime/nios2eds/bin/gnu/h-x86_64-mingw32/bin/../lib/gcc/nios2-elf/5.3.0/../../../../../H-x86_64-mingw32/nios2-elf/lib\libc.a(lib_a-findfp.o)
                0x0000000000806d34                __sfp_lock_release
 .text.__sinit_lock_acquire
                0x0000000000806d38        0x4 d:/programs/quartusprime/nios2eds/bin/gnu/h-x86_64-mingw32/bin/../lib/gcc/nios2-elf/5.3.0/../../../../../H-x86_64-mingw32/nios2-elf/lib\libc.a(lib_a-findfp.o)
                0x0000000000806d38                __sinit_lock_acquire
 .text.__sinit_lock_release
                0x0000000000806d3c        0x4 d:/programs/quartusprime/nios2eds/bin/gnu/h-x86_64-mingw32/bin/../lib/gcc/nios2-elf/5.3.0/../../../../../H-x86_64-mingw32/nios2-elf/lib\libc.a(lib_a-findfp.o)
                0x0000000000806d3c                __sinit_lock_release
 .text.__fp_lock_all
                0x0000000000806d40       0x18 d:/programs/quartusprime/nios2eds/bin/gnu/h-x86_64-mingw32/bin/../lib/gcc/nios2-elf/5.3.0/../../../../../H-x86_64-mingw32/nios2-elf/lib\libc.a(lib_a-findfp.o)
                0x0000000000806d40                __fp_lock_all
 .text.__fp_unlock_all
                0x0000000000806d58       0x18 d:/programs/quartusprime/nios2eds/bin/gnu/h-x86_64-mingw32/bin/../lib/gcc/nios2-elf/5.3.0/../../../../../H-x86_64-mingw32/nios2-elf/lib\libc.a(lib_a-findfp.o)
                0x0000000000806d58                __fp_unlock_all
 .text          0x0000000000806d70        0x0 d:/programs/quartusprime/nios2eds/bin/gnu/h-x86_64-mingw32/bin/../lib/gcc/nios2-elf/5.3.0/../../../../../H-x86_64-mingw32/nios2-elf/lib\libc.a(lib_a-flags.o)
 .text.__sflags
                0x0000000000806d70       0xac d:/programs/quartusprime/nios2eds/bin/gnu/h-x86_64-mingw32/bin/../lib/gcc/nios2-elf/5.3.0/../../../../../H-x86_64-mingw32/nios2-elf/lib\libc.a(lib_a-flags.o)
                0x0000000000806d70                __sflags
 .text          0x0000000000806e1c        0x0 d:/programs/quartusprime/nios2eds/bin/gnu/h-x86_64-mingw32/bin/../lib/gcc/nios2-elf/5.3.0/../../../../../H-x86_64-mingw32/nios2-elf/lib\libc.a(lib_a-freer.o)
 .text._malloc_trim_r
                0x0000000000806e1c      0x124 d:/programs/quartusprime/nios2eds/bin/gnu/h-x86_64-mingw32/bin/../lib/gcc/nios2-elf/5.3.0/../../../../../H-x86_64-mingw32/nios2-elf/lib\libc.a(lib_a-freer.o)
                0x0000000000806e1c                _malloc_trim_r
 .text._free_r  0x0000000000806f40      0x310 d:/programs/quartusprime/nios2eds/bin/gnu/h-x86_64-mingw32/bin/../lib/gcc/nios2-elf/5.3.0/../../../../../H-x86_64-mingw32/nios2-elf/lib\libc.a(lib_a-freer.o)
                0x0000000000806f40                _free_r
 .text          0x0000000000807250        0x0 d:/programs/quartusprime/nios2eds/bin/gnu/h-x86_64-mingw32/bin/../lib/gcc/nios2-elf/5.3.0/../../../../../H-x86_64-mingw32/nios2-elf/lib\libc.a(lib_a-fvwrite.o)
 .text.__sfvwrite_r
                0x0000000000807250      0x4bc d:/programs/quartusprime/nios2eds/bin/gnu/h-x86_64-mingw32/bin/../lib/gcc/nios2-elf/5.3.0/../../../../../H-x86_64-mingw32/nios2-elf/lib\libc.a(lib_a-fvwrite.o)
                0x0000000000807250                __sfvwrite_r
 .text          0x000000000080770c        0x0 d:/programs/quartusprime/nios2eds/bin/gnu/h-x86_64-mingw32/bin/../lib/gcc/nios2-elf/5.3.0/../../../../../H-x86_64-mingw32/nios2-elf/lib\libc.a(lib_a-fwalk.o)
 .text._fwalk   0x000000000080770c       0xc4 d:/programs/quartusprime/nios2eds/bin/gnu/h-x86_64-mingw32/bin/../lib/gcc/nios2-elf/5.3.0/../../../../../H-x86_64-mingw32/nios2-elf/lib\libc.a(lib_a-fwalk.o)
                0x000000000080770c                _fwalk
 .text._fwalk_reent
                0x00000000008077d0       0xc4 d:/programs/quartusprime/nios2eds/bin/gnu/h-x86_64-mingw32/bin/../lib/gcc/nios2-elf/5.3.0/../../../../../H-x86_64-mingw32/nios2-elf/lib\libc.a(lib_a-fwalk.o)
                0x00000000008077d0                _fwalk_reent
 .text          0x0000000000807894        0x0 d:/programs/quartusprime/nios2eds/bin/gnu/h-x86_64-mingw32/bin/../lib/gcc/nios2-elf/5.3.0/../../../../../H-x86_64-mingw32/nios2-elf/lib\libc.a(lib_a-isattyr.o)
 .text._isatty_r
                0x0000000000807894       0x54 d:/programs/quartusprime/nios2eds/bin/gnu/h-x86_64-mingw32/bin/../lib/gcc/nios2-elf/5.3.0/../../../../../H-x86_64-mingw32/nios2-elf/lib\libc.a(lib_a-isattyr.o)
                0x0000000000807894                _isatty_r
 .text          0x00000000008078e8        0x0 d:/programs/quartusprime/nios2eds/bin/gnu/h-x86_64-mingw32/bin/../lib/gcc/nios2-elf/5.3.0/../../../../../H-x86_64-mingw32/nios2-elf/lib\libc.a(lib_a-locale.o)
 .text._setlocale_r
                0x00000000008078e8       0x7c d:/programs/quartusprime/nios2eds/bin/gnu/h-x86_64-mingw32/bin/../lib/gcc/nios2-elf/5.3.0/../../../../../H-x86_64-mingw32/nios2-elf/lib\libc.a(lib_a-locale.o)
                0x00000000008078e8                _setlocale_r
 .text.__locale_charset
                0x0000000000807964        0xc d:/programs/quartusprime/nios2eds/bin/gnu/h-x86_64-mingw32/bin/../lib/gcc/nios2-elf/5.3.0/../../../../../H-x86_64-mingw32/nios2-elf/lib\libc.a(lib_a-locale.o)
                0x0000000000807964                __locale_charset
 .text.__locale_mb_cur_max
                0x0000000000807970       0x10 d:/programs/quartusprime/nios2eds/bin/gnu/h-x86_64-mingw32/bin/../lib/gcc/nios2-elf/5.3.0/../../../../../H-x86_64-mingw32/nios2-elf/lib\libc.a(lib_a-locale.o)
                0x0000000000807970                __locale_mb_cur_max
 .text.__locale_msgcharset
                0x0000000000807980        0xc d:/programs/quartusprime/nios2eds/bin/gnu/h-x86_64-mingw32/bin/../lib/gcc/nios2-elf/5.3.0/../../../../../H-x86_64-mingw32/nios2-elf/lib\libc.a(lib_a-locale.o)
                0x0000000000807980                __locale_msgcharset
 .text.__locale_cjk_lang
                0x000000000080798c        0x8 d:/programs/quartusprime/nios2eds/bin/gnu/h-x86_64-mingw32/bin/../lib/gcc/nios2-elf/5.3.0/../../../../../H-x86_64-mingw32/nios2-elf/lib\libc.a(lib_a-locale.o)
                0x000000000080798c                __locale_cjk_lang
 .text._localeconv_r
                0x0000000000807994        0xc d:/programs/quartusprime/nios2eds/bin/gnu/h-x86_64-mingw32/bin/../lib/gcc/nios2-elf/5.3.0/../../../../../H-x86_64-mingw32/nios2-elf/lib\libc.a(lib_a-locale.o)
                0x0000000000807994                _localeconv_r
 .text.setlocale
                0x00000000008079a0       0x18 d:/programs/quartusprime/nios2eds/bin/gnu/h-x86_64-mingw32/bin/../lib/gcc/nios2-elf/5.3.0/../../../../../H-x86_64-mingw32/nios2-elf/lib\libc.a(lib_a-locale.o)
                0x00000000008079a0                setlocale
 .text.localeconv
                0x00000000008079b8        0xc d:/programs/quartusprime/nios2eds/bin/gnu/h-x86_64-mingw32/bin/../lib/gcc/nios2-elf/5.3.0/../../../../../H-x86_64-mingw32/nios2-elf/lib\libc.a(lib_a-locale.o)
                0x00000000008079b8                localeconv
 .text          0x00000000008079c4        0x0 d:/programs/quartusprime/nios2eds/bin/gnu/h-x86_64-mingw32/bin/../lib/gcc/nios2-elf/5.3.0/../../../../../H-x86_64-mingw32/nios2-elf/lib\libc.a(lib_a-lseekr.o)
 .text._lseek_r
                0x00000000008079c4       0x60 d:/programs/quartusprime/nios2eds/bin/gnu/h-x86_64-mingw32/bin/../lib/gcc/nios2-elf/5.3.0/../../../../../H-x86_64-mingw32/nios2-elf/lib\libc.a(lib_a-lseekr.o)
                0x00000000008079c4                _lseek_r
 .text          0x0000000000807a24        0x0 d:/programs/quartusprime/nios2eds/bin/gnu/h-x86_64-mingw32/bin/../lib/gcc/nios2-elf/5.3.0/../../../../../H-x86_64-mingw32/nios2-elf/lib\libc.a(lib_a-memchr.o)
 .text.memchr   0x0000000000807a24       0xe4 d:/programs/quartusprime/nios2eds/bin/gnu/h-x86_64-mingw32/bin/../lib/gcc/nios2-elf/5.3.0/../../../../../H-x86_64-mingw32/nios2-elf/lib\libc.a(lib_a-memchr.o)
                0x0000000000807a24                memchr
 .text          0x0000000000807b08        0x0 d:/programs/quartusprime/nios2eds/bin/gnu/h-x86_64-mingw32/bin/../lib/gcc/nios2-elf/5.3.0/../../../../../H-x86_64-mingw32/nios2-elf/lib\libc.a(lib_a-memcpy.o)
 .text.memcpy   0x0000000000807b08      0x148 d:/programs/quartusprime/nios2eds/bin/gnu/h-x86_64-mingw32/bin/../lib/gcc/nios2-elf/5.3.0/../../../../../H-x86_64-mingw32/nios2-elf/lib\libc.a(lib_a-memcpy.o)
                0x0000000000807b08                memcpy
 .text          0x0000000000807c50        0x0 d:/programs/quartusprime/nios2eds/bin/gnu/h-x86_64-mingw32/bin/../lib/gcc/nios2-elf/5.3.0/../../../../../H-x86_64-mingw32/nios2-elf/lib\libc.a(lib_a-memmove.o)
 .text.memmove  0x0000000000807c50      0x15c d:/programs/quartusprime/nios2eds/bin/gnu/h-x86_64-mingw32/bin/../lib/gcc/nios2-elf/5.3.0/../../../../../H-x86_64-mingw32/nios2-elf/lib\libc.a(lib_a-memmove.o)
                0x0000000000807c50                memmove
 .text          0x0000000000807dac        0x0 d:/programs/quartusprime/nios2eds/bin/gnu/h-x86_64-mingw32/bin/../lib/gcc/nios2-elf/5.3.0/../../../../../H-x86_64-mingw32/nios2-elf/lib\libc.a(lib_a-mprec.o)
 .text._Balloc  0x0000000000807dac       0xa8 d:/programs/quartusprime/nios2eds/bin/gnu/h-x86_64-mingw32/bin/../lib/gcc/nios2-elf/5.3.0/../../../../../H-x86_64-mingw32/nios2-elf/lib\libc.a(lib_a-mprec.o)
                0x0000000000807dac                _Balloc
 .text._Bfree   0x0000000000807e54       0x28 d:/programs/quartusprime/nios2eds/bin/gnu/h-x86_64-mingw32/bin/../lib/gcc/nios2-elf/5.3.0/../../../../../H-x86_64-mingw32/nios2-elf/lib\libc.a(lib_a-mprec.o)
                0x0000000000807e54                _Bfree
 .text.__multadd
                0x0000000000807e7c      0x120 d:/programs/quartusprime/nios2eds/bin/gnu/h-x86_64-mingw32/bin/../lib/gcc/nios2-elf/5.3.0/../../../../../H-x86_64-mingw32/nios2-elf/lib\libc.a(lib_a-mprec.o)
                0x0000000000807e7c                __multadd
 .text.__s2b    0x0000000000807f9c      0x104 d:/programs/quartusprime/nios2eds/bin/gnu/h-x86_64-mingw32/bin/../lib/gcc/nios2-elf/5.3.0/../../../../../H-x86_64-mingw32/nios2-elf/lib\libc.a(lib_a-mprec.o)
                0x0000000000807f9c                __s2b
 .text.__hi0bits
                0x00000000008080a0       0x68 d:/programs/quartusprime/nios2eds/bin/gnu/h-x86_64-mingw32/bin/../lib/gcc/nios2-elf/5.3.0/../../../../../H-x86_64-mingw32/nios2-elf/lib\libc.a(lib_a-mprec.o)
                0x00000000008080a0                __hi0bits
 .text.__lo0bits
                0x0000000000808108       0xb0 d:/programs/quartusprime/nios2eds/bin/gnu/h-x86_64-mingw32/bin/../lib/gcc/nios2-elf/5.3.0/../../../../../H-x86_64-mingw32/nios2-elf/lib\libc.a(lib_a-mprec.o)
                0x0000000000808108                __lo0bits
 .text.__i2b    0x00000000008081b8       0x3c d:/programs/quartusprime/nios2eds/bin/gnu/h-x86_64-mingw32/bin/../lib/gcc/nios2-elf/5.3.0/../../../../../H-x86_64-mingw32/nios2-elf/lib\libc.a(lib_a-mprec.o)
                0x00000000008081b8                __i2b
 .text.__multiply
                0x00000000008081f4      0x1f8 d:/programs/quartusprime/nios2eds/bin/gnu/h-x86_64-mingw32/bin/../lib/gcc/nios2-elf/5.3.0/../../../../../H-x86_64-mingw32/nios2-elf/lib\libc.a(lib_a-mprec.o)
                0x00000000008081f4                __multiply
 .text.__pow5mult
                0x00000000008083ec      0x140 d:/programs/quartusprime/nios2eds/bin/gnu/h-x86_64-mingw32/bin/../lib/gcc/nios2-elf/5.3.0/../../../../../H-x86_64-mingw32/nios2-elf/lib\libc.a(lib_a-mprec.o)
                0x00000000008083ec                __pow5mult
 .text.__lshift
                0x000000000080852c      0x148 d:/programs/quartusprime/nios2eds/bin/gnu/h-x86_64-mingw32/bin/../lib/gcc/nios2-elf/5.3.0/../../../../../H-x86_64-mingw32/nios2-elf/lib\libc.a(lib_a-mprec.o)
                0x000000000080852c                __lshift
 .text.__mcmp   0x0000000000808674       0x60 d:/programs/quartusprime/nios2eds/bin/gnu/h-x86_64-mingw32/bin/../lib/gcc/nios2-elf/5.3.0/../../../../../H-x86_64-mingw32/nios2-elf/lib\libc.a(lib_a-mprec.o)
                0x0000000000808674                __mcmp
 .text.__mdiff  0x00000000008086d4      0x1fc d:/programs/quartusprime/nios2eds/bin/gnu/h-x86_64-mingw32/bin/../lib/gcc/nios2-elf/5.3.0/../../../../../H-x86_64-mingw32/nios2-elf/lib\libc.a(lib_a-mprec.o)
                0x00000000008086d4                __mdiff
 .text.__ulp    0x00000000008088d0       0x64 d:/programs/quartusprime/nios2eds/bin/gnu/h-x86_64-mingw32/bin/../lib/gcc/nios2-elf/5.3.0/../../../../../H-x86_64-mingw32/nios2-elf/lib\libc.a(lib_a-mprec.o)
                0x00000000008088d0                __ulp
 .text.__b2d    0x0000000000808934      0x10c d:/programs/quartusprime/nios2eds/bin/gnu/h-x86_64-mingw32/bin/../lib/gcc/nios2-elf/5.3.0/../../../../../H-x86_64-mingw32/nios2-elf/lib\libc.a(lib_a-mprec.o)
                0x0000000000808934                __b2d
 .text.__d2b    0x0000000000808a40      0x14c d:/programs/quartusprime/nios2eds/bin/gnu/h-x86_64-mingw32/bin/../lib/gcc/nios2-elf/5.3.0/../../../../../H-x86_64-mingw32/nios2-elf/lib\libc.a(lib_a-mprec.o)
                0x0000000000808a40                __d2b
 .text.__ratio  0x0000000000808b8c       0xa4 d:/programs/quartusprime/nios2eds/bin/gnu/h-x86_64-mingw32/bin/../lib/gcc/nios2-elf/5.3.0/../../../../../H-x86_64-mingw32/nios2-elf/lib\libc.a(lib_a-mprec.o)
                0x0000000000808b8c                __ratio
 .text._mprec_log10
                0x0000000000808c30       0x74 d:/programs/quartusprime/nios2eds/bin/gnu/h-x86_64-mingw32/bin/../lib/gcc/nios2-elf/5.3.0/../../../../../H-x86_64-mingw32/nios2-elf/lib\libc.a(lib_a-mprec.o)
                0x0000000000808c30                _mprec_log10
 .text.__copybits
                0x0000000000808ca4       0x78 d:/programs/quartusprime/nios2eds/bin/gnu/h-x86_64-mingw32/bin/../lib/gcc/nios2-elf/5.3.0/../../../../../H-x86_64-mingw32/nios2-elf/lib\libc.a(lib_a-mprec.o)
                0x0000000000808ca4                __copybits
 .text.__any_on
                0x0000000000808d1c       0x8c d:/programs/quartusprime/nios2eds/bin/gnu/h-x86_64-mingw32/bin/../lib/gcc/nios2-elf/5.3.0/../../../../../H-x86_64-mingw32/nios2-elf/lib\libc.a(lib_a-mprec.o)
                0x0000000000808d1c                __any_on
 .text          0x0000000000808da8        0x0 d:/programs/quartusprime/nios2eds/bin/gnu/h-x86_64-mingw32/bin/../lib/gcc/nios2-elf/5.3.0/../../../../../H-x86_64-mingw32/nios2-elf/lib\libc.a(lib_a-putc.o)
 .text._putc_r  0x0000000000808da8       0xa0 d:/programs/quartusprime/nios2eds/bin/gnu/h-x86_64-mingw32/bin/../lib/gcc/nios2-elf/5.3.0/../../../../../H-x86_64-mingw32/nios2-elf/lib\libc.a(lib_a-putc.o)
                0x0000000000808da8                _putc_r
 .text.putc     0x0000000000808e48       0xc8 d:/programs/quartusprime/nios2eds/bin/gnu/h-x86_64-mingw32/bin/../lib/gcc/nios2-elf/5.3.0/../../../../../H-x86_64-mingw32/nios2-elf/lib\libc.a(lib_a-putc.o)
                0x0000000000808e48                putc
 .text          0x0000000000808f10        0x0 d:/programs/quartusprime/nios2eds/bin/gnu/h-x86_64-mingw32/bin/../lib/gcc/nios2-elf/5.3.0/../../../../../H-x86_64-mingw32/nios2-elf/lib\libc.a(lib_a-readr.o)
 .text._read_r  0x0000000000808f10       0x60 d:/programs/quartusprime/nios2eds/bin/gnu/h-x86_64-mingw32/bin/../lib/gcc/nios2-elf/5.3.0/../../../../../H-x86_64-mingw32/nios2-elf/lib\libc.a(lib_a-readr.o)
                0x0000000000808f10                _read_r
 .text          0x0000000000808f70        0x0 d:/programs/quartusprime/nios2eds/bin/gnu/h-x86_64-mingw32/bin/../lib/gcc/nios2-elf/5.3.0/../../../../../H-x86_64-mingw32/nios2-elf/lib\libc.a(lib_a-reallocr.o)
 .text._realloc_r
                0x0000000000808f70      0x564 d:/programs/quartusprime/nios2eds/bin/gnu/h-x86_64-mingw32/bin/../lib/gcc/nios2-elf/5.3.0/../../../../../H-x86_64-mingw32/nios2-elf/lib\libc.a(lib_a-reallocr.o)
                0x0000000000808f70                _realloc_r
 .text          0x00000000008094d4        0x0 d:/programs/quartusprime/nios2eds/bin/gnu/h-x86_64-mingw32/bin/../lib/gcc/nios2-elf/5.3.0/../../../../../H-x86_64-mingw32/nios2-elf/lib\libc.a(lib_a-s_fpclassify.o)
 .text.__fpclassifyd
                0x00000000008094d4       0x74 d:/programs/quartusprime/nios2eds/bin/gnu/h-x86_64-mingw32/bin/../lib/gcc/nios2-elf/5.3.0/../../../../../H-x86_64-mingw32/nios2-elf/lib\libc.a(lib_a-s_fpclassify.o)
                0x00000000008094d4                __fpclassifyd
 .text          0x0000000000809548        0x0 d:/programs/quartusprime/nios2eds/bin/gnu/h-x86_64-mingw32/bin/../lib/gcc/nios2-elf/5.3.0/../../../../../H-x86_64-mingw32/nios2-elf/lib\libc.a(lib_a-strcmp.o)
 .text.strcmp   0x0000000000809548       0xdc d:/programs/quartusprime/nios2eds/bin/gnu/h-x86_64-mingw32/bin/../lib/gcc/nios2-elf/5.3.0/../../../../../H-x86_64-mingw32/nios2-elf/lib\libc.a(lib_a-strcmp.o)
                0x0000000000809548                strcmp
 .text          0x0000000000809624        0x0 d:/programs/quartusprime/nios2eds/bin/gnu/h-x86_64-mingw32/bin/../lib/gcc/nios2-elf/5.3.0/../../../../../H-x86_64-mingw32/nios2-elf/lib\libc.a(lib_a-vfiprintf.o)
 .text.__sprint_r.part.0
                0x0000000000809624       0xfc d:/programs/quartusprime/nios2eds/bin/gnu/h-x86_64-mingw32/bin/../lib/gcc/nios2-elf/5.3.0/../../../../../H-x86_64-mingw32/nios2-elf/lib\libc.a(lib_a-vfiprintf.o)
 .text.__sprint_r
                0x0000000000809720       0x18 d:/programs/quartusprime/nios2eds/bin/gnu/h-x86_64-mingw32/bin/../lib/gcc/nios2-elf/5.3.0/../../../../../H-x86_64-mingw32/nios2-elf/lib\libc.a(lib_a-vfiprintf.o)
                0x0000000000809720                __sprint_r
 .text.___vfiprintf_internal_r
                0x0000000000809738     0x145c d:/programs/quartusprime/nios2eds/bin/gnu/h-x86_64-mingw32/bin/../lib/gcc/nios2-elf/5.3.0/../../../../../H-x86_64-mingw32/nios2-elf/lib\libc.a(lib_a-vfiprintf.o)
                0x0000000000809738                ___vfiprintf_internal_r
 .text.__vfiprintf_internal
                0x000000000080ab94       0x1c d:/programs/quartusprime/nios2eds/bin/gnu/h-x86_64-mingw32/bin/../lib/gcc/nios2-elf/5.3.0/../../../../../H-x86_64-mingw32/nios2-elf/lib\libc.a(lib_a-vfiprintf.o)
                0x000000000080ab94                __vfiprintf_internal
 .text.__sbprintf
                0x000000000080abb0       0xbc d:/programs/quartusprime/nios2eds/bin/gnu/h-x86_64-mingw32/bin/../lib/gcc/nios2-elf/5.3.0/../../../../../H-x86_64-mingw32/nios2-elf/lib\libc.a(lib_a-vfiprintf.o)
 .text          0x000000000080ac6c        0x0 d:/programs/quartusprime/nios2eds/bin/gnu/h-x86_64-mingw32/bin/../lib/gcc/nios2-elf/5.3.0/../../../../../H-x86_64-mingw32/nios2-elf/lib\libc.a(lib_a-wbuf.o)
 .text.__swbuf_r
                0x000000000080ac6c      0x140 d:/programs/quartusprime/nios2eds/bin/gnu/h-x86_64-mingw32/bin/../lib/gcc/nios2-elf/5.3.0/../../../../../H-x86_64-mingw32/nios2-elf/lib\libc.a(lib_a-wbuf.o)
                0x000000000080ac6c                __swbuf_r
 .text.__swbuf  0x000000000080adac       0x18 d:/programs/quartusprime/nios2eds/bin/gnu/h-x86_64-mingw32/bin/../lib/gcc/nios2-elf/5.3.0/../../../../../H-x86_64-mingw32/nios2-elf/lib\libc.a(lib_a-wbuf.o)
                0x000000000080adac                __swbuf
 .text          0x000000000080adc4        0x0 d:/programs/quartusprime/nios2eds/bin/gnu/h-x86_64-mingw32/bin/../lib/gcc/nios2-elf/5.3.0/../../../../../H-x86_64-mingw32/nios2-elf/lib\libc.a(lib_a-callocr.o)
 .text._calloc_r
                0x000000000080adc4       0xc4 d:/programs/quartusprime/nios2eds/bin/gnu/h-x86_64-mingw32/bin/../lib/gcc/nios2-elf/5.3.0/../../../../../H-x86_64-mingw32/nios2-elf/lib\libc.a(lib_a-callocr.o)
                0x000000000080adc4                _calloc_r
 .text          0x000000000080ae88        0x0 d:/programs/quartusprime/nios2eds/bin/gnu/h-x86_64-mingw32/bin/../lib/gcc/nios2-elf/5.3.0/../../../../../H-x86_64-mingw32/nios2-elf/lib\libc.a(lib_a-fclose.o)
 .text._fclose_r
                0x000000000080ae88       0xf0 d:/programs/quartusprime/nios2eds/bin/gnu/h-x86_64-mingw32/bin/../lib/gcc/nios2-elf/5.3.0/../../../../../H-x86_64-mingw32/nios2-elf/lib\libc.a(lib_a-fclose.o)
                0x000000000080ae88                _fclose_r
 .text.fclose   0x000000000080af78       0x14 d:/programs/quartusprime/nios2eds/bin/gnu/h-x86_64-mingw32/bin/../lib/gcc/nios2-elf/5.3.0/../../../../../H-x86_64-mingw32/nios2-elf/lib\libc.a(lib_a-fclose.o)
                0x000000000080af78                fclose
 .text          0x000000000080af8c        0x0 d:/programs/quartusprime/nios2eds/bin/gnu/h-x86_64-mingw32/bin/../lib/gcc/nios2-elf/5.3.0/../../../../../H-x86_64-mingw32/nios2-elf/lib\libc.a(lib_a-fputwc.o)
 .text.__fputwc
                0x000000000080af8c      0x164 d:/programs/quartusprime/nios2eds/bin/gnu/h-x86_64-mingw32/bin/../lib/gcc/nios2-elf/5.3.0/../../../../../H-x86_64-mingw32/nios2-elf/lib\libc.a(lib_a-fputwc.o)
                0x000000000080af8c                __fputwc
 .text._fputwc_r
                0x000000000080b0f0       0x24 d:/programs/quartusprime/nios2eds/bin/gnu/h-x86_64-mingw32/bin/../lib/gcc/nios2-elf/5.3.0/../../../../../H-x86_64-mingw32/nios2-elf/lib\libc.a(lib_a-fputwc.o)
                0x000000000080b0f0                _fputwc_r
 .text.fputwc   0x000000000080b114       0x80 d:/programs/quartusprime/nios2eds/bin/gnu/h-x86_64-mingw32/bin/../lib/gcc/nios2-elf/5.3.0/../../../../../H-x86_64-mingw32/nios2-elf/lib\libc.a(lib_a-fputwc.o)
                0x000000000080b114                fputwc
 .text          0x000000000080b194        0x0 d:/programs/quartusprime/nios2eds/bin/gnu/h-x86_64-mingw32/bin/../lib/gcc/nios2-elf/5.3.0/../../../../../H-x86_64-mingw32/nios2-elf/lib\libc.a(lib_a-wcrtomb.o)
 .text._wcrtomb_r
                0x000000000080b194       0x9c d:/programs/quartusprime/nios2eds/bin/gnu/h-x86_64-mingw32/bin/../lib/gcc/nios2-elf/5.3.0/../../../../../H-x86_64-mingw32/nios2-elf/lib\libc.a(lib_a-wcrtomb.o)
                0x000000000080b194                _wcrtomb_r
 .text.wcrtomb  0x000000000080b230       0xc0 d:/programs/quartusprime/nios2eds/bin/gnu/h-x86_64-mingw32/bin/../lib/gcc/nios2-elf/5.3.0/../../../../../H-x86_64-mingw32/nios2-elf/lib\libc.a(lib_a-wcrtomb.o)
                0x000000000080b230                wcrtomb
 .text          0x000000000080b2f0        0x0 d:/programs/quartusprime/nios2eds/bin/gnu/h-x86_64-mingw32/bin/../lib/gcc/nios2-elf/5.3.0/../../../../../H-x86_64-mingw32/nios2-elf/lib\libc.a(lib_a-wctomb_r.o)
 .text.__ascii_wctomb
                0x000000000080b2f0       0x30 d:/programs/quartusprime/nios2eds/bin/gnu/h-x86_64-mingw32/bin/../lib/gcc/nios2-elf/5.3.0/../../../../../H-x86_64-mingw32/nios2-elf/lib\libc.a(lib_a-wctomb_r.o)
                0x000000000080b2f0                __ascii_wctomb
 .text._wctomb_r
                0x000000000080b320       0x5c d:/programs/quartusprime/nios2eds/bin/gnu/h-x86_64-mingw32/bin/../lib/gcc/nios2-elf/5.3.0/../../../../../H-x86_64-mingw32/nios2-elf/lib\libc.a(lib_a-wctomb_r.o)
                0x000000000080b320                _wctomb_r
 .text          0x000000000080b37c      0x578 d:/programs/quartusprime/nios2eds/bin/gnu/h-x86_64-mingw32/bin/../lib/gcc/nios2-elf/5.3.0\libgcc.a(_udivdi3.o)
                0x000000000080b37c                __udivdi3
 .text          0x000000000080b8f4      0x538 d:/programs/quartusprime/nios2eds/bin/gnu/h-x86_64-mingw32/bin/../lib/gcc/nios2-elf/5.3.0\libgcc.a(_umoddi3.o)
                0x000000000080b8f4                __umoddi3
 .text          0x000000000080be2c      0x8ac d:/programs/quartusprime/nios2eds/bin/gnu/h-x86_64-mingw32/bin/../lib/gcc/nios2-elf/5.3.0\libgcc.a(adddf3.o)
                0x000000000080be2c                __adddf3
 .text          0x000000000080c6d8      0x8e8 d:/programs/quartusprime/nios2eds/bin/gnu/h-x86_64-mingw32/bin/../lib/gcc/nios2-elf/5.3.0\libgcc.a(divdf3.o)
                0x000000000080c6d8                __divdf3
 .text          0x000000000080cfc0       0x88 d:/programs/quartusprime/nios2eds/bin/gnu/h-x86_64-mingw32/bin/../lib/gcc/nios2-elf/5.3.0\libgcc.a(eqdf2.o)
                0x000000000080cfc0                __nedf2
                0x000000000080cfc0                __eqdf2
 .text          0x000000000080d048       0xdc d:/programs/quartusprime/nios2eds/bin/gnu/h-x86_64-mingw32/bin/../lib/gcc/nios2-elf/5.3.0\libgcc.a(gedf2.o)
                0x000000000080d048                __gedf2
                0x000000000080d048                __gtdf2
 .text          0x000000000080d124       0xf4 d:/programs/quartusprime/nios2eds/bin/gnu/h-x86_64-mingw32/bin/../lib/gcc/nios2-elf/5.3.0\libgcc.a(ledf2.o)
                0x000000000080d124                __ledf2
                0x000000000080d124                __ltdf2
 .text          0x000000000080d218      0x718 d:/programs/quartusprime/nios2eds/bin/gnu/h-x86_64-mingw32/bin/../lib/gcc/nios2-elf/5.3.0\libgcc.a(muldf3.o)
                0x000000000080d218                __muldf3
 .text          0x000000000080d930      0x8fc d:/programs/quartusprime/nios2eds/bin/gnu/h-x86_64-mingw32/bin/../lib/gcc/nios2-elf/5.3.0\libgcc.a(subdf3.o)
                0x000000000080d930                __subdf3
 .text          0x000000000080e22c       0x80 d:/programs/quartusprime/nios2eds/bin/gnu/h-x86_64-mingw32/bin/../lib/gcc/nios2-elf/5.3.0\libgcc.a(fixdfsi.o)
                0x000000000080e22c                __fixdfsi
 .text          0x000000000080e2ac       0xdc d:/programs/quartusprime/nios2eds/bin/gnu/h-x86_64-mingw32/bin/../lib/gcc/nios2-elf/5.3.0\libgcc.a(floatsidf.o)
                0x000000000080e2ac                __floatsidf
 .text          0x000000000080e388       0xa8 d:/programs/quartusprime/nios2eds/bin/gnu/h-x86_64-mingw32/bin/../lib/gcc/nios2-elf/5.3.0\libgcc.a(floatunsidf.o)
                0x000000000080e388                __floatunsidf
 .text          0x000000000080e430        0x0 d:/programs/quartusprime/nios2eds/bin/gnu/h-x86_64-mingw32/bin/../lib/gcc/nios2-elf/5.3.0\libgcc.a(_clz.o)
 .text          0x000000000080e430       0x64 d:/programs/quartusprime/nios2eds/bin/gnu/h-x86_64-mingw32/bin/../lib/gcc/nios2-elf/5.3.0\libgcc.a(_clzsi2.o)
                0x000000000080e430                __clzsi2
 .text          0x000000000080e494      0x12c ../Assignment1_bsp/\libhal_bsp.a(alt_alarm_start.o)
                0x000000000080e494                alt_alarm_start
 .text          0x000000000080e5c0      0x10c ../Assignment1_bsp/\libhal_bsp.a(alt_close.o)
                0x000000000080e5fc                close
 .text          0x000000000080e6cc       0x2c ../Assignment1_bsp/\libhal_bsp.a(alt_dev.o)
 .text          0x000000000080e6f8        0x0 ../Assignment1_bsp/\libhal_bsp.a(alt_errno.o)
 .text          0x000000000080e6f8       0xec ../Assignment1_bsp/\libhal_bsp.a(alt_fstat.o)
                0x000000000080e734                fstat
 .text          0x000000000080e7e4      0x180 ../Assignment1_bsp/\libhal_bsp.a(alt_irq_register.o)
                0x000000000080e7e4                alt_irq_register
 .text          0x000000000080e964        0x0 ../Assignment1_bsp/\libhal_bsp.a(alt_irq_vars.o)
 .text          0x000000000080e964       0xe0 ../Assignment1_bsp/\libhal_bsp.a(alt_isatty.o)
                0x000000000080e9a0                isatty
 .text          0x000000000080ea44       0xec ../Assignment1_bsp/\libhal_bsp.a(alt_load.o)
                0x000000000080eaac                alt_load
 .text          0x000000000080eb30      0x110 ../Assignment1_bsp/\libhal_bsp.a(alt_lseek.o)
                0x000000000080eb6c                lseek
 .text          0x000000000080ec40       0x7c ../Assignment1_bsp/\libhal_bsp.a(alt_main.o)
                0x000000000080ec40                alt_main
 .text          0x000000000080ecbc       0x48 ../Assignment1_bsp/\libhal_bsp.a(alt_malloc_lock.o)
                0x000000000080ecbc                __malloc_lock
                0x000000000080ece0                __malloc_unlock
 .text          0x000000000080ed04      0x254 ../Assignment1_bsp/\libhal_bsp.a(alt_open.o)
                0x000000000080ee04                open
 .text          0x000000000080ef58      0x138 ../Assignment1_bsp/\libhal_bsp.a(alt_read.o)
                0x000000000080ef94                read
 .text          0x000000000080f090       0x64 ../Assignment1_bsp/\libhal_bsp.a(alt_release_fd.o)
                0x000000000080f090                alt_release_fd
 .text          0x000000000080f0f4       0xb0 ../Assignment1_bsp/\libhal_bsp.a(alt_sbrk.o)
                0x000000000080f0f4                sbrk
 .text          0x000000000080f1a4      0x1a4 ../Assignment1_bsp/\libhal_bsp.a(alt_tick.o)
                0x000000000080f1a4                alt_alarm_stop
                0x000000000080f240                alt_tick
 .text          0x000000000080f348      0x134 ../Assignment1_bsp/\libhal_bsp.a(alt_write.o)
                0x000000000080f384                write
 .text          0x000000000080f47c      0x104 ../Assignment1_bsp/\libhal_bsp.a(alt_sys_init.o)
                0x000000000080f4b0                alt_irq_init
                0x000000000080f4e8                alt_sys_init
 .text          0x000000000080f580      0x164 ../Assignment1_bsp/\libhal_bsp.a(altera_avalon_jtag_uart_fd.o)
                0x000000000080f580                altera_avalon_jtag_uart_read_fd
                0x000000000080f5e0                altera_avalon_jtag_uart_write_fd
                0x000000000080f640                altera_avalon_jtag_uart_close_fd
                0x000000000080f690                altera_avalon_jtag_uart_ioctl_fd
 .text          0x000000000080f6e4      0x3d4 ../Assignment1_bsp/\libhal_bsp.a(altera_avalon_jtag_uart_init.o)
                0x000000000080f6e4                altera_avalon_jtag_uart_init
                0x000000000080fa50                altera_avalon_jtag_uart_close
 .text          0x000000000080fab8       0xf0 ../Assignment1_bsp/\libhal_bsp.a(altera_avalon_jtag_uart_ioctl.o)
                0x000000000080fab8                altera_avalon_jtag_uart_ioctl
 .text          0x000000000080fba8      0x21c ../Assignment1_bsp/\libhal_bsp.a(altera_avalon_jtag_uart_read.o)
                0x000000000080fba8                altera_avalon_jtag_uart_read
 .text          0x000000000080fdc4      0x224 ../Assignment1_bsp/\libhal_bsp.a(altera_avalon_jtag_uart_write.o)
                0x000000000080fdc4                altera_avalon_jtag_uart_write
 .text          0x000000000080ffe8      0xe7c ../Assignment1_bsp/\libhal_bsp.a(altera_avalon_lcd_16207.o)
                0x00000000008107ac                altera_avalon_lcd_16207_write
                0x0000000000810d30                altera_avalon_lcd_16207_init
 .text          0x0000000000810e64       0x60 ../Assignment1_bsp/\libhal_bsp.a(altera_avalon_lcd_16207_fd.o)
                0x0000000000810e64                altera_avalon_lcd_16207_write_fd
 .text          0x0000000000810ec4       0xf4 ../Assignment1_bsp/\libhal_bsp.a(altera_avalon_timer_sc.o)
                0x0000000000810f3c                alt_avalon_timer_sc_init
 .text          0x0000000000810fb8      0x110 ../Assignment1_bsp/\libhal_bsp.a(altera_avalon_uart_fd.o)
                0x0000000000810fb8                altera_avalon_uart_read_fd
                0x0000000000811018                altera_avalon_uart_write_fd
                0x0000000000811078                altera_avalon_uart_close_fd
 .text          0x00000000008110c8      0x3c8 ../Assignment1_bsp/\libhal_bsp.a(altera_avalon_uart_init.o)
                0x00000000008110c8                altera_avalon_uart_init
                0x000000000081143c                altera_avalon_uart_close
 .text          0x0000000000811490      0x218 ../Assignment1_bsp/\libhal_bsp.a(altera_avalon_uart_read.o)
                0x00000000008114cc                altera_avalon_uart_read
 .text          0x00000000008116a8      0x1e8 ../Assignment1_bsp/\libhal_bsp.a(altera_avalon_uart_write.o)
                0x00000000008116e4                altera_avalon_uart_write
 .text          0x0000000000811890       0x48 ../Assignment1_bsp/\libhal_bsp.a(alt_dcache_flush_all.o)
                0x0000000000811890                alt_dcache_flush_all
 .text          0x00000000008118d8       0xe0 ../Assignment1_bsp/\libhal_bsp.a(alt_dev_llist_insert.o)
                0x0000000000811914                alt_dev_llist_insert
 .text          0x00000000008119b8       0x60 ../Assignment1_bsp/\libhal_bsp.a(alt_do_ctors.o)
                0x00000000008119b8                _do_ctors
 .text          0x0000000000811a18       0x60 ../Assignment1_bsp/\libhal_bsp.a(alt_do_dtors.o)
                0x0000000000811a18                _do_dtors
 .text          0x0000000000811a78       0x90 ../Assignment1_bsp/\libhal_bsp.a(alt_find_dev.o)
                0x0000000000811a78                alt_find_dev
 .text          0x0000000000811b08      0x108 ../Assignment1_bsp/\libhal_bsp.a(alt_find_file.o)
                0x0000000000811b08                alt_find_file
 .text          0x0000000000811c10       0xa4 ../Assignment1_bsp/\libhal_bsp.a(alt_get_fd.o)
                0x0000000000811c10                alt_get_fd
 .text          0x0000000000811cb4       0x34 ../Assignment1_bsp/\libhal_bsp.a(alt_icache_flush_all.o)
                0x0000000000811cb4                alt_icache_flush_all
 .text          0x0000000000811ce8      0x1b0 ../Assignment1_bsp/\libhal_bsp.a(alt_iic.o)
                0x0000000000811ce8                alt_ic_isr_register
                0x0000000000811d38                alt_ic_irq_enable
                0x0000000000811dc0                alt_ic_irq_disable
                0x0000000000811e4c                alt_ic_irq_enabled
 .text          0x0000000000811e98       0xf0 ../Assignment1_bsp/\libhal_bsp.a(alt_iic_isr_register.o)
                0x0000000000811e98                alt_iic_isr_register
 .text          0x0000000000811f88      0x140 ../Assignment1_bsp/\libhal_bsp.a(alt_io_redirect.o)
                0x000000000081204c                alt_io_redirect
 .text          0x00000000008120c8        0x0 ../Assignment1_bsp/\libhal_bsp.a(alt_irq_entry.o)
 .text          0x00000000008120c8        0x0 ../Assignment1_bsp/\libhal_bsp.a(alt_irq_handler.o)
 .text          0x00000000008120c8       0x30 ../Assignment1_bsp/\libhal_bsp.a(alt_usleep.o)
                0x00000000008120c8                usleep
 .text          0x00000000008120f8       0x24 ../Assignment1_bsp/\libhal_bsp.a(altera_nios2_gen2_irq.o)
                0x00000000008120f8                altera_nios2_gen2_irq_init
 .text          0x000000000081211c      0x158 ../Assignment1_bsp/\libhal_bsp.a(alt_busy_sleep.o)
                0x000000000081211c                alt_busy_sleep
 .text          0x0000000000812274        0x0 ../Assignment1_bsp/\libhal_bsp.a(alt_exception_entry.o)
 .text          0x0000000000812274       0x90 ../Assignment1_bsp/\libhal_bsp.a(alt_icache_flush.o)
                0x0000000000812274                alt_icache_flush
 .text          0x0000000000812304       0x9c ../Assignment1_bsp/\libhal_bsp.a(alt_instruction_exception_entry.o)
                0x0000000000812304                alt_exception_cause_generated_bad_addr
 .text          0x00000000008123a0        0x0 d:/programs/quartusprime/nios2eds/bin/gnu/h-x86_64-mingw32/bin/../lib/gcc/nios2-elf/5.3.0/../../../../../H-x86_64-mingw32/nios2-elf/lib\libc.a(lib_a-atexit.o)
 .text.atexit   0x00000000008123a0       0x14 d:/programs/quartusprime/nios2eds/bin/gnu/h-x86_64-mingw32/bin/../lib/gcc/nios2-elf/5.3.0/../../../../../H-x86_64-mingw32/nios2-elf/lib\libc.a(lib_a-atexit.o)
                0x00000000008123a0                atexit
 .text          0x00000000008123b4        0x0 d:/programs/quartusprime/nios2eds/bin/gnu/h-x86_64-mingw32/bin/../lib/gcc/nios2-elf/5.3.0/../../../../../H-x86_64-mingw32/nios2-elf/lib\libc.a(lib_a-exit.o)
 .text.exit     0x00000000008123b4       0x38 d:/programs/quartusprime/nios2eds/bin/gnu/h-x86_64-mingw32/bin/../lib/gcc/nios2-elf/5.3.0/../../../../../H-x86_64-mingw32/nios2-elf/lib\libc.a(lib_a-exit.o)
                0x00000000008123b4                exit
 .text          0x00000000008123ec        0x0 d:/programs/quartusprime/nios2eds/bin/gnu/h-x86_64-mingw32/bin/../lib/gcc/nios2-elf/5.3.0/../../../../../H-x86_64-mingw32/nios2-elf/lib\libc.a(lib_a-memcmp.o)
 .text.memcmp   0x00000000008123ec       0x7c d:/programs/quartusprime/nios2eds/bin/gnu/h-x86_64-mingw32/bin/../lib/gcc/nios2-elf/5.3.0/../../../../../H-x86_64-mingw32/nios2-elf/lib\libc.a(lib_a-memcmp.o)
                0x00000000008123ec                memcmp
 .text          0x0000000000812468        0x0 d:/programs/quartusprime/nios2eds/bin/gnu/h-x86_64-mingw32/bin/../lib/gcc/nios2-elf/5.3.0/../../../../../H-x86_64-mingw32/nios2-elf/lib\libc.a(lib_a-__atexit.o)
 .text.__register_exitproc
                0x0000000000812468      0x118 d:/programs/quartusprime/nios2eds/bin/gnu/h-x86_64-mingw32/bin/../lib/gcc/nios2-elf/5.3.0/../../../../../H-x86_64-mingw32/nios2-elf/lib\libc.a(lib_a-__atexit.o)
                0x0000000000812468                __register_exitproc
 .text          0x0000000000812580        0x0 d:/programs/quartusprime/nios2eds/bin/gnu/h-x86_64-mingw32/bin/../lib/gcc/nios2-elf/5.3.0/../../../../../H-x86_64-mingw32/nios2-elf/lib\libc.a(lib_a-__call_atexit.o)
 .text.__call_exitprocs
                0x0000000000812580      0x180 d:/programs/quartusprime/nios2eds/bin/gnu/h-x86_64-mingw32/bin/../lib/gcc/nios2-elf/5.3.0/../../../../../H-x86_64-mingw32/nios2-elf/lib\libc.a(lib_a-__call_atexit.o)
                0x0000000000812580                __call_exitprocs
 .text          0x0000000000812700       0x34 ../Assignment1_bsp/\libhal_bsp.a(alt_exit.o)
                0x0000000000812700                _exit
 *(.gnu.warning.*)
 *(.fini)
                [!provide]                        PROVIDE (__etext, ABSOLUTE (.))
                [!provide]                        PROVIDE (_etext, ABSOLUTE (.))
                [!provide]                        PROVIDE (etext, ABSOLUTE (.))
 *(.eh_frame_hdr)
                0x0000000000812734                . = ALIGN (0x4)
                [!provide]                        PROVIDE (__preinit_array_start, ABSOLUTE (.))
 *(.preinit_array)
                [!provide]                        PROVIDE (__preinit_array_end, ABSOLUTE (.))
                [!provide]                        PROVIDE (__init_array_start, ABSOLUTE (.))
 *(.init_array)
                [!provide]                        PROVIDE (__init_array_end, ABSOLUTE (.))
                [!provide]                        PROVIDE (__fini_array_start, ABSOLUTE (.))
 *(.fini_array)
                [!provide]                        PROVIDE (__fini_array_end, ABSOLUTE (.))
 *(.eh_frame)
 *(.gcc_except_table .gcc_except_table.*)
 *(.dynamic)
                0x0000000000812734                PROVIDE (__CTOR_LIST__, ABSOLUTE (.))
 *(.ctors)
 *(SORT(.ctors.*))
                0x0000000000812734                PROVIDE (__CTOR_END__, ABSOLUTE (.))
                0x0000000000812734                PROVIDE (__DTOR_LIST__, ABSOLUTE (.))
 *(.dtors)
 *(SORT(.dtors.*))
                0x0000000000812734                PROVIDE (__DTOR_END__, ABSOLUTE (.))
 *(.jcr)
                0x0000000000812734                . = ALIGN (0x4)

.rodata         0x0000000000812734      0x6e0
                0x0000000000812734                PROVIDE (__ram_rodata_start, ABSOLUTE (.))
                0x0000000000812734                . = ALIGN (0x4)
 *(.rodata .rodata.* .gnu.linkonce.r.*)
 .rodata        0x0000000000812734      0x14e obj/default/hello_world.o
 *fill*         0x0000000000812882        0x2 
 .rodata.str1.4
                0x0000000000812884        0x2 d:/programs/quartusprime/nios2eds/bin/gnu/h-x86_64-mingw32/bin/../lib/gcc/nios2-elf/5.3.0/../../../../../H-x86_64-mingw32/nios2-elf/lib\libc.a(lib_a-impure.o)
 *fill*         0x0000000000812886        0x2 
 .rodata.str1.4
                0x0000000000812888        0x2 d:/programs/quartusprime/nios2eds/bin/gnu/h-x86_64-mingw32/bin/../lib/gcc/nios2-elf/5.3.0/../../../../../H-x86_64-mingw32/nios2-elf/lib\libc.a(lib_a-puts.o)
 *fill*         0x000000000081288a        0x2 
 .rodata.str1.4
                0x000000000081288c       0x42 d:/programs/quartusprime/nios2eds/bin/gnu/h-x86_64-mingw32/bin/../lib/gcc/nios2-elf/5.3.0/../../../../../H-x86_64-mingw32/nios2-elf/lib\libc.a(lib_a-vfprintf.o)
 .rodata.zeroes.4404
                0x00000000008128ce       0x10 d:/programs/quartusprime/nios2eds/bin/gnu/h-x86_64-mingw32/bin/../lib/gcc/nios2-elf/5.3.0/../../../../../H-x86_64-mingw32/nios2-elf/lib\libc.a(lib_a-vfprintf.o)
 .rodata.blanks.4403
                0x00000000008128de       0x10 d:/programs/quartusprime/nios2eds/bin/gnu/h-x86_64-mingw32/bin/../lib/gcc/nios2-elf/5.3.0/../../../../../H-x86_64-mingw32/nios2-elf/lib\libc.a(lib_a-vfprintf.o)
 .rodata._ctype_
                0x00000000008128ee      0x101 d:/programs/quartusprime/nios2eds/bin/gnu/h-x86_64-mingw32/bin/../lib/gcc/nios2-elf/5.3.0/../../../../../H-x86_64-mingw32/nios2-elf/lib\libc.a(lib_a-ctype_.o)
                0x00000000008128ee                _ctype_
 .rodata._ctype_b
                0x00000000008129ef      0x180 d:/programs/quartusprime/nios2eds/bin/gnu/h-x86_64-mingw32/bin/../lib/gcc/nios2-elf/5.3.0/../../../../../H-x86_64-mingw32/nios2-elf/lib\libc.a(lib_a-ctype_.o)
 *fill*         0x0000000000812b6f        0x1 
 .rodata.str1.4
                0x0000000000812b70       0x10 d:/programs/quartusprime/nios2eds/bin/gnu/h-x86_64-mingw32/bin/../lib/gcc/nios2-elf/5.3.0/../../../../../H-x86_64-mingw32/nios2-elf/lib\libc.a(lib_a-dtoa.o)
                                         0x12 (size before relaxing)
 .rodata.str1.4
                0x0000000000812b80        0xc d:/programs/quartusprime/nios2eds/bin/gnu/h-x86_64-mingw32/bin/../lib/gcc/nios2-elf/5.3.0/../../../../../H-x86_64-mingw32/nios2-elf/lib\libc.a(lib_a-locale.o)
                                         0x12 (size before relaxing)
 .rodata.p05.2768
                0x0000000000812b8c        0xc d:/programs/quartusprime/nios2eds/bin/gnu/h-x86_64-mingw32/bin/../lib/gcc/nios2-elf/5.3.0/../../../../../H-x86_64-mingw32/nios2-elf/lib\libc.a(lib_a-mprec.o)
 .rodata.__mprec_tinytens
                0x0000000000812b98       0x28 d:/programs/quartusprime/nios2eds/bin/gnu/h-x86_64-mingw32/bin/../lib/gcc/nios2-elf/5.3.0/../../../../../H-x86_64-mingw32/nios2-elf/lib\libc.a(lib_a-mprec.o)
                0x0000000000812b98                __mprec_tinytens
 .rodata.__mprec_bigtens
                0x0000000000812bc0       0x28 d:/programs/quartusprime/nios2eds/bin/gnu/h-x86_64-mingw32/bin/../lib/gcc/nios2-elf/5.3.0/../../../../../H-x86_64-mingw32/nios2-elf/lib\libc.a(lib_a-mprec.o)
                0x0000000000812bc0                __mprec_bigtens
 .rodata.__mprec_tens
                0x0000000000812be8       0xc8 d:/programs/quartusprime/nios2eds/bin/gnu/h-x86_64-mingw32/bin/../lib/gcc/nios2-elf/5.3.0/../../../../../H-x86_64-mingw32/nios2-elf/lib\libc.a(lib_a-mprec.o)
                0x0000000000812be8                __mprec_tens
 .rodata.str1.4
                0x0000000000812cb0       0x2f d:/programs/quartusprime/nios2eds/bin/gnu/h-x86_64-mingw32/bin/../lib/gcc/nios2-elf/5.3.0/../../../../../H-x86_64-mingw32/nios2-elf/lib\libc.a(lib_a-vfiprintf.o)
 .rodata.zeroes.4349
                0x0000000000812cb0       0x10 d:/programs/quartusprime/nios2eds/bin/gnu/h-x86_64-mingw32/bin/../lib/gcc/nios2-elf/5.3.0/../../../../../H-x86_64-mingw32/nios2-elf/lib\libc.a(lib_a-vfiprintf.o)
 .rodata.blanks.4348
                0x0000000000812cc0       0x10 d:/programs/quartusprime/nios2eds/bin/gnu/h-x86_64-mingw32/bin/../lib/gcc/nios2-elf/5.3.0/../../../../../H-x86_64-mingw32/nios2-elf/lib\libc.a(lib_a-vfiprintf.o)
 .rodata        0x0000000000812cd0      0x100 d:/programs/quartusprime/nios2eds/bin/gnu/h-x86_64-mingw32/bin/../lib/gcc/nios2-elf/5.3.0\libgcc.a(_clz.o)
                0x0000000000812cd0                __clz_tab
 .rodata        0x0000000000812dd0        0xa ../Assignment1_bsp/\libhal_bsp.a(alt_dev.o)
 *fill*         0x0000000000812dda        0x2 
 .rodata        0x0000000000812ddc        0xf ../Assignment1_bsp/\libhal_bsp.a(alt_main.o)
 *fill*         0x0000000000812deb        0x1 
 .rodata        0x0000000000812dec       0x26 ../Assignment1_bsp/\libhal_bsp.a(alt_sys_init.o)
 *(.rodata1)
                0x0000000000812e14                . = ALIGN (0x4)
 *fill*         0x0000000000812e12        0x2 
                0x0000000000812e14                PROVIDE (__ram_rodata_end, ABSOLUTE (.))
                0x0000000000812734                PROVIDE (__flash_rodata_start, LOADADDR (.rodata))

.rwdata         0x0000000000812e14     0x1cf4 load address 0x0000000000814b08
                0x0000000000812e14                PROVIDE (__ram_rwdata_start, ABSOLUTE (.))
                0x0000000000812e14                . = ALIGN (0x4)
 *(.got.plt)
 *(.got)
 *(.data1)
 *(.data .data.* .gnu.linkonce.d.*)
 .data          0x0000000000812e14        0x0 ../Assignment1_bsp//obj/HAL/src/crt0.o
 .data          0x0000000000812e14        0x0 obj/default/hello_world.o
 .data          0x0000000000812e14        0x0 d:/programs/quartusprime/nios2eds/bin/gnu/h-x86_64-mingw32/bin/../lib/gcc/nios2-elf/5.3.0\libgcc.a(lib2-divmod.o)
 .data          0x0000000000812e14        0x0 d:/programs/quartusprime/nios2eds/bin/gnu/h-x86_64-mingw32/bin/../lib/gcc/nios2-elf/5.3.0/../../../../../H-x86_64-mingw32/nios2-elf/lib\libc.a(lib_a-atoi.o)
 .data          0x0000000000812e14        0x0 d:/programs/quartusprime/nios2eds/bin/gnu/h-x86_64-mingw32/bin/../lib/gcc/nios2-elf/5.3.0/../../../../../H-x86_64-mingw32/nios2-elf/lib\libc.a(lib_a-fopen.o)
 .data          0x0000000000812e14        0x0 d:/programs/quartusprime/nios2eds/bin/gnu/h-x86_64-mingw32/bin/../lib/gcc/nios2-elf/5.3.0/../../../../../H-x86_64-mingw32/nios2-elf/lib\libc.a(lib_a-fprintf.o)
 .data          0x0000000000812e14        0x0 d:/programs/quartusprime/nios2eds/bin/gnu/h-x86_64-mingw32/bin/../lib/gcc/nios2-elf/5.3.0/../../../../../H-x86_64-mingw32/nios2-elf/lib\libc.a(lib_a-fseek.o)
 .data          0x0000000000812e14        0x0 d:/programs/quartusprime/nios2eds/bin/gnu/h-x86_64-mingw32/bin/../lib/gcc/nios2-elf/5.3.0/../../../../../H-x86_64-mingw32/nios2-elf/lib\libc.a(lib_a-fseeko.o)
 .data          0x0000000000812e14        0x0 d:/programs/quartusprime/nios2eds/bin/gnu/h-x86_64-mingw32/bin/../lib/gcc/nios2-elf/5.3.0/../../../../../H-x86_64-mingw32/nios2-elf/lib\libc.a(lib_a-fstatr.o)
 .data          0x0000000000812e14        0x0 d:/programs/quartusprime/nios2eds/bin/gnu/h-x86_64-mingw32/bin/../lib/gcc/nios2-elf/5.3.0/../../../../../H-x86_64-mingw32/nios2-elf/lib\libc.a(lib_a-impure.o)
 .data.impure_data
                0x0000000000812e14      0x424 d:/programs/quartusprime/nios2eds/bin/gnu/h-x86_64-mingw32/bin/../lib/gcc/nios2-elf/5.3.0/../../../../../H-x86_64-mingw32/nios2-elf/lib\libc.a(lib_a-impure.o)
 .data          0x0000000000813238        0x0 d:/programs/quartusprime/nios2eds/bin/gnu/h-x86_64-mingw32/bin/../lib/gcc/nios2-elf/5.3.0/../../../../../H-x86_64-mingw32/nios2-elf/lib\libc.a(lib_a-int_errno.o)
 .data          0x0000000000813238        0x0 d:/programs/quartusprime/nios2eds/bin/gnu/h-x86_64-mingw32/bin/../lib/gcc/nios2-elf/5.3.0/../../../../../H-x86_64-mingw32/nios2-elf/lib\libc.a(lib_a-makebuf.o)
 .data          0x0000000000813238        0x0 d:/programs/quartusprime/nios2eds/bin/gnu/h-x86_64-mingw32/bin/../lib/gcc/nios2-elf/5.3.0/../../../../../H-x86_64-mingw32/nios2-elf/lib\libc.a(lib_a-mallocr.o)
 .data.__malloc_av_
                0x0000000000813238      0x408 d:/programs/quartusprime/nios2eds/bin/gnu/h-x86_64-mingw32/bin/../lib/gcc/nios2-elf/5.3.0/../../../../../H-x86_64-mingw32/nios2-elf/lib\libc.a(lib_a-mallocr.o)
                0x0000000000813238                __malloc_av_
 .data          0x0000000000813640        0x0 d:/programs/quartusprime/nios2eds/bin/gnu/h-x86_64-mingw32/bin/../lib/gcc/nios2-elf/5.3.0/../../../../../H-x86_64-mingw32/nios2-elf/lib\libc.a(lib_a-memset.o)
 .data          0x0000000000813640        0x0 d:/programs/quartusprime/nios2eds/bin/gnu/h-x86_64-mingw32/bin/../lib/gcc/nios2-elf/5.3.0/../../../../../H-x86_64-mingw32/nios2-elf/lib\libc.a(lib_a-openr.o)
 .data          0x0000000000813640        0x0 d:/programs/quartusprime/nios2eds/bin/gnu/h-x86_64-mingw32/bin/../lib/gcc/nios2-elf/5.3.0/../../../../../H-x86_64-mingw32/nios2-elf/lib\libc.a(lib_a-printf.o)
 .data          0x0000000000813640        0x0 d:/programs/quartusprime/nios2eds/bin/gnu/h-x86_64-mingw32/bin/../lib/gcc/nios2-elf/5.3.0/../../../../../H-x86_64-mingw32/nios2-elf/lib\libc.a(lib_a-putchar.o)
 .data          0x0000000000813640        0x0 d:/programs/quartusprime/nios2eds/bin/gnu/h-x86_64-mingw32/bin/../lib/gcc/nios2-elf/5.3.0/../../../../../H-x86_64-mingw32/nios2-elf/lib\libc.a(lib_a-puts.o)
 .data          0x0000000000813640        0x0 d:/programs/quartusprime/nios2eds/bin/gnu/h-x86_64-mingw32/bin/../lib/gcc/nios2-elf/5.3.0/../../../../../H-x86_64-mingw32/nios2-elf/lib\libc.a(lib_a-refill.o)
 .data          0x0000000000813640        0x0 d:/programs/quartusprime/nios2eds/bin/gnu/h-x86_64-mingw32/bin/../lib/gcc/nios2-elf/5.3.0/../../../../../H-x86_64-mingw32/nios2-elf/lib\libc.a(lib_a-sbrkr.o)
 .data          0x0000000000813640        0x0 d:/programs/quartusprime/nios2eds/bin/gnu/h-x86_64-mingw32/bin/../lib/gcc/nios2-elf/5.3.0/../../../../../H-x86_64-mingw32/nios2-elf/lib\libc.a(lib_a-stdio.o)
 .data          0x0000000000813640        0x0 d:/programs/quartusprime/nios2eds/bin/gnu/h-x86_64-mingw32/bin/../lib/gcc/nios2-elf/5.3.0/../../../../../H-x86_64-mingw32/nios2-elf/lib\libc.a(lib_a-strlen.o)
 .data          0x0000000000813640        0x0 d:/programs/quartusprime/nios2eds/bin/gnu/h-x86_64-mingw32/bin/../lib/gcc/nios2-elf/5.3.0/../../../../../H-x86_64-mingw32/nios2-elf/lib\libc.a(lib_a-strtok.o)
 .data          0x0000000000813640        0x0 d:/programs/quartusprime/nios2eds/bin/gnu/h-x86_64-mingw32/bin/../lib/gcc/nios2-elf/5.3.0/../../../../../H-x86_64-mingw32/nios2-elf/lib\libc.a(lib_a-strtok_r.o)
 .data          0x0000000000813640        0x0 d:/programs/quartusprime/nios2eds/bin/gnu/h-x86_64-mingw32/bin/../lib/gcc/nios2-elf/5.3.0/../../../../../H-x86_64-mingw32/nios2-elf/lib\libc.a(lib_a-strtol.o)
 .data          0x0000000000813640        0x0 d:/programs/quartusprime/nios2eds/bin/gnu/h-x86_64-mingw32/bin/../lib/gcc/nios2-elf/5.3.0/../../../../../H-x86_64-mingw32/nios2-elf/lib\libc.a(lib_a-vfprintf.o)
 .data          0x0000000000813640        0x0 d:/programs/quartusprime/nios2eds/bin/gnu/h-x86_64-mingw32/bin/../lib/gcc/nios2-elf/5.3.0/../../../../../H-x86_64-mingw32/nios2-elf/lib\libc.a(lib_a-writer.o)
 .data          0x0000000000813640        0x0 d:/programs/quartusprime/nios2eds/bin/gnu/h-x86_64-mingw32/bin/../lib/gcc/nios2-elf/5.3.0/../../../../../H-x86_64-mingw32/nios2-elf/lib\libc.a(lib_a-wsetup.o)
 .data          0x0000000000813640        0x0 d:/programs/quartusprime/nios2eds/bin/gnu/h-x86_64-mingw32/bin/../lib/gcc/nios2-elf/5.3.0/../../../../../H-x86_64-mingw32/nios2-elf/lib\libc.a(closer.o)
 .data          0x0000000000813640        0x0 d:/programs/quartusprime/nios2eds/bin/gnu/h-x86_64-mingw32/bin/../lib/gcc/nios2-elf/5.3.0/../../../../../H-x86_64-mingw32/nios2-elf/lib\libc.a(lib_a-ctype_.o)
 .data          0x0000000000813640        0x0 d:/programs/quartusprime/nios2eds/bin/gnu/h-x86_64-mingw32/bin/../lib/gcc/nios2-elf/5.3.0/../../../../../H-x86_64-mingw32/nios2-elf/lib\libc.a(lib_a-dtoa.o)
 .data          0x0000000000813640        0x0 d:/programs/quartusprime/nios2eds/bin/gnu/h-x86_64-mingw32/bin/../lib/gcc/nios2-elf/5.3.0/../../../../../H-x86_64-mingw32/nios2-elf/lib\libc.a(lib_a-fflush.o)
 .data          0x0000000000813640        0x0 d:/programs/quartusprime/nios2eds/bin/gnu/h-x86_64-mingw32/bin/../lib/gcc/nios2-elf/5.3.0/../../../../../H-x86_64-mingw32/nios2-elf/lib\libc.a(lib_a-findfp.o)
 .data          0x0000000000813640        0x0 d:/programs/quartusprime/nios2eds/bin/gnu/h-x86_64-mingw32/bin/../lib/gcc/nios2-elf/5.3.0/../../../../../H-x86_64-mingw32/nios2-elf/lib\libc.a(lib_a-flags.o)
 .data          0x0000000000813640        0x0 d:/programs/quartusprime/nios2eds/bin/gnu/h-x86_64-mingw32/bin/../lib/gcc/nios2-elf/5.3.0/../../../../../H-x86_64-mingw32/nios2-elf/lib\libc.a(lib_a-freer.o)
 .data          0x0000000000813640        0x0 d:/programs/quartusprime/nios2eds/bin/gnu/h-x86_64-mingw32/bin/../lib/gcc/nios2-elf/5.3.0/../../../../../H-x86_64-mingw32/nios2-elf/lib\libc.a(lib_a-fvwrite.o)
 .data          0x0000000000813640        0x0 d:/programs/quartusprime/nios2eds/bin/gnu/h-x86_64-mingw32/bin/../lib/gcc/nios2-elf/5.3.0/../../../../../H-x86_64-mingw32/nios2-elf/lib\libc.a(lib_a-fwalk.o)
 .data          0x0000000000813640        0x0 d:/programs/quartusprime/nios2eds/bin/gnu/h-x86_64-mingw32/bin/../lib/gcc/nios2-elf/5.3.0/../../../../../H-x86_64-mingw32/nios2-elf/lib\libc.a(lib_a-isattyr.o)
 .data          0x0000000000813640        0x0 d:/programs/quartusprime/nios2eds/bin/gnu/h-x86_64-mingw32/bin/../lib/gcc/nios2-elf/5.3.0/../../../../../H-x86_64-mingw32/nios2-elf/lib\libc.a(lib_a-locale.o)
 .data.lc_message_charset
                0x0000000000813640       0x20 d:/programs/quartusprime/nios2eds/bin/gnu/h-x86_64-mingw32/bin/../lib/gcc/nios2-elf/5.3.0/../../../../../H-x86_64-mingw32/nios2-elf/lib\libc.a(lib_a-locale.o)
 .data.lc_ctype_charset
                0x0000000000813660       0x20 d:/programs/quartusprime/nios2eds/bin/gnu/h-x86_64-mingw32/bin/../lib/gcc/nios2-elf/5.3.0/../../../../../H-x86_64-mingw32/nios2-elf/lib\libc.a(lib_a-locale.o)
 .data.lconv    0x0000000000813680       0x38 d:/programs/quartusprime/nios2eds/bin/gnu/h-x86_64-mingw32/bin/../lib/gcc/nios2-elf/5.3.0/../../../../../H-x86_64-mingw32/nios2-elf/lib\libc.a(lib_a-locale.o)
 .data          0x00000000008136b8        0x0 d:/programs/quartusprime/nios2eds/bin/gnu/h-x86_64-mingw32/bin/../lib/gcc/nios2-elf/5.3.0/../../../../../H-x86_64-mingw32/nios2-elf/lib\libc.a(lib_a-lseekr.o)
 .data          0x00000000008136b8        0x0 d:/programs/quartusprime/nios2eds/bin/gnu/h-x86_64-mingw32/bin/../lib/gcc/nios2-elf/5.3.0/../../../../../H-x86_64-mingw32/nios2-elf/lib\libc.a(lib_a-memchr.o)
 .data          0x00000000008136b8        0x0 d:/programs/quartusprime/nios2eds/bin/gnu/h-x86_64-mingw32/bin/../lib/gcc/nios2-elf/5.3.0/../../../../../H-x86_64-mingw32/nios2-elf/lib\libc.a(lib_a-memcpy.o)
 .data          0x00000000008136b8        0x0 d:/programs/quartusprime/nios2eds/bin/gnu/h-x86_64-mingw32/bin/../lib/gcc/nios2-elf/5.3.0/../../../../../H-x86_64-mingw32/nios2-elf/lib\libc.a(lib_a-memmove.o)
 .data          0x00000000008136b8        0x0 d:/programs/quartusprime/nios2eds/bin/gnu/h-x86_64-mingw32/bin/../lib/gcc/nios2-elf/5.3.0/../../../../../H-x86_64-mingw32/nios2-elf/lib\libc.a(lib_a-mprec.o)
 .data          0x00000000008136b8        0x0 d:/programs/quartusprime/nios2eds/bin/gnu/h-x86_64-mingw32/bin/../lib/gcc/nios2-elf/5.3.0/../../../../../H-x86_64-mingw32/nios2-elf/lib\libc.a(lib_a-putc.o)
 .data          0x00000000008136b8        0x0 d:/programs/quartusprime/nios2eds/bin/gnu/h-x86_64-mingw32/bin/../lib/gcc/nios2-elf/5.3.0/../../../../../H-x86_64-mingw32/nios2-elf/lib\libc.a(lib_a-readr.o)
 .data          0x00000000008136b8        0x0 d:/programs/quartusprime/nios2eds/bin/gnu/h-x86_64-mingw32/bin/../lib/gcc/nios2-elf/5.3.0/../../../../../H-x86_64-mingw32/nios2-elf/lib\libc.a(lib_a-reallocr.o)
 .data          0x00000000008136b8        0x0 d:/programs/quartusprime/nios2eds/bin/gnu/h-x86_64-mingw32/bin/../lib/gcc/nios2-elf/5.3.0/../../../../../H-x86_64-mingw32/nios2-elf/lib\libc.a(lib_a-s_fpclassify.o)
 .data          0x00000000008136b8        0x0 d:/programs/quartusprime/nios2eds/bin/gnu/h-x86_64-mingw32/bin/../lib/gcc/nios2-elf/5.3.0/../../../../../H-x86_64-mingw32/nios2-elf/lib\libc.a(lib_a-strcmp.o)
 .data          0x00000000008136b8        0x0 d:/programs/quartusprime/nios2eds/bin/gnu/h-x86_64-mingw32/bin/../lib/gcc/nios2-elf/5.3.0/../../../../../H-x86_64-mingw32/nios2-elf/lib\libc.a(lib_a-vfiprintf.o)
 .data          0x00000000008136b8        0x0 d:/programs/quartusprime/nios2eds/bin/gnu/h-x86_64-mingw32/bin/../lib/gcc/nios2-elf/5.3.0/../../../../../H-x86_64-mingw32/nios2-elf/lib\libc.a(lib_a-wbuf.o)
 .data          0x00000000008136b8        0x0 d:/programs/quartusprime/nios2eds/bin/gnu/h-x86_64-mingw32/bin/../lib/gcc/nios2-elf/5.3.0/../../../../../H-x86_64-mingw32/nios2-elf/lib\libc.a(lib_a-callocr.o)
 .data          0x00000000008136b8        0x0 d:/programs/quartusprime/nios2eds/bin/gnu/h-x86_64-mingw32/bin/../lib/gcc/nios2-elf/5.3.0/../../../../../H-x86_64-mingw32/nios2-elf/lib\libc.a(lib_a-fclose.o)
 .data          0x00000000008136b8        0x0 d:/programs/quartusprime/nios2eds/bin/gnu/h-x86_64-mingw32/bin/../lib/gcc/nios2-elf/5.3.0/../../../../../H-x86_64-mingw32/nios2-elf/lib\libc.a(lib_a-fputwc.o)
 .data          0x00000000008136b8        0x0 d:/programs/quartusprime/nios2eds/bin/gnu/h-x86_64-mingw32/bin/../lib/gcc/nios2-elf/5.3.0/../../../../../H-x86_64-mingw32/nios2-elf/lib\libc.a(lib_a-wcrtomb.o)
 .data          0x00000000008136b8        0x0 d:/programs/quartusprime/nios2eds/bin/gnu/h-x86_64-mingw32/bin/../lib/gcc/nios2-elf/5.3.0/../../../../../H-x86_64-mingw32/nios2-elf/lib\libc.a(lib_a-wctomb_r.o)
 .data          0x00000000008136b8        0x0 d:/programs/quartusprime/nios2eds/bin/gnu/h-x86_64-mingw32/bin/../lib/gcc/nios2-elf/5.3.0\libgcc.a(_udivdi3.o)
 .data          0x00000000008136b8        0x0 d:/programs/quartusprime/nios2eds/bin/gnu/h-x86_64-mingw32/bin/../lib/gcc/nios2-elf/5.3.0\libgcc.a(_umoddi3.o)
 .data          0x00000000008136b8        0x0 d:/programs/quartusprime/nios2eds/bin/gnu/h-x86_64-mingw32/bin/../lib/gcc/nios2-elf/5.3.0\libgcc.a(adddf3.o)
 .data          0x00000000008136b8        0x0 d:/programs/quartusprime/nios2eds/bin/gnu/h-x86_64-mingw32/bin/../lib/gcc/nios2-elf/5.3.0\libgcc.a(divdf3.o)
 .data          0x00000000008136b8        0x0 d:/programs/quartusprime/nios2eds/bin/gnu/h-x86_64-mingw32/bin/../lib/gcc/nios2-elf/5.3.0\libgcc.a(eqdf2.o)
 .data          0x00000000008136b8        0x0 d:/programs/quartusprime/nios2eds/bin/gnu/h-x86_64-mingw32/bin/../lib/gcc/nios2-elf/5.3.0\libgcc.a(gedf2.o)
 .data          0x00000000008136b8        0x0 d:/programs/quartusprime/nios2eds/bin/gnu/h-x86_64-mingw32/bin/../lib/gcc/nios2-elf/5.3.0\libgcc.a(ledf2.o)
 .data          0x00000000008136b8        0x0 d:/programs/quartusprime/nios2eds/bin/gnu/h-x86_64-mingw32/bin/../lib/gcc/nios2-elf/5.3.0\libgcc.a(muldf3.o)
 .data          0x00000000008136b8        0x0 d:/programs/quartusprime/nios2eds/bin/gnu/h-x86_64-mingw32/bin/../lib/gcc/nios2-elf/5.3.0\libgcc.a(subdf3.o)
 .data          0x00000000008136b8        0x0 d:/programs/quartusprime/nios2eds/bin/gnu/h-x86_64-mingw32/bin/../lib/gcc/nios2-elf/5.3.0\libgcc.a(fixdfsi.o)
 .data          0x00000000008136b8        0x0 d:/programs/quartusprime/nios2eds/bin/gnu/h-x86_64-mingw32/bin/../lib/gcc/nios2-elf/5.3.0\libgcc.a(floatsidf.o)
 .data          0x00000000008136b8        0x0 d:/programs/quartusprime/nios2eds/bin/gnu/h-x86_64-mingw32/bin/../lib/gcc/nios2-elf/5.3.0\libgcc.a(floatunsidf.o)
 .data          0x00000000008136b8        0x0 d:/programs/quartusprime/nios2eds/bin/gnu/h-x86_64-mingw32/bin/../lib/gcc/nios2-elf/5.3.0\libgcc.a(_clz.o)
 .data          0x00000000008136b8        0x0 d:/programs/quartusprime/nios2eds/bin/gnu/h-x86_64-mingw32/bin/../lib/gcc/nios2-elf/5.3.0\libgcc.a(_clzsi2.o)
 .data          0x00000000008136b8        0x0 ../Assignment1_bsp/\libhal_bsp.a(alt_alarm_start.o)
 .data          0x00000000008136b8        0x0 ../Assignment1_bsp/\libhal_bsp.a(alt_close.o)
 .data          0x00000000008136b8      0x1a8 ../Assignment1_bsp/\libhal_bsp.a(alt_dev.o)
                0x00000000008136b8                alt_dev_null
                0x00000000008136e0                alt_fd_list
 .data          0x0000000000813860        0x0 ../Assignment1_bsp/\libhal_bsp.a(alt_errno.o)
 .data          0x0000000000813860        0x0 ../Assignment1_bsp/\libhal_bsp.a(alt_fstat.o)
 .data          0x0000000000813860        0x0 ../Assignment1_bsp/\libhal_bsp.a(alt_irq_register.o)
 .data          0x0000000000813860        0x0 ../Assignment1_bsp/\libhal_bsp.a(alt_irq_vars.o)
 .data          0x0000000000813860        0x0 ../Assignment1_bsp/\libhal_bsp.a(alt_isatty.o)
 .data          0x0000000000813860        0x0 ../Assignment1_bsp/\libhal_bsp.a(alt_load.o)
 .data          0x0000000000813860        0x0 ../Assignment1_bsp/\libhal_bsp.a(alt_lseek.o)
 .data          0x0000000000813860        0x0 ../Assignment1_bsp/\libhal_bsp.a(alt_main.o)
 .data          0x0000000000813860        0x0 ../Assignment1_bsp/\libhal_bsp.a(alt_malloc_lock.o)
 .data          0x0000000000813860        0x0 ../Assignment1_bsp/\libhal_bsp.a(alt_open.o)
 .data          0x0000000000813860        0x0 ../Assignment1_bsp/\libhal_bsp.a(alt_read.o)
 .data          0x0000000000813860        0x0 ../Assignment1_bsp/\libhal_bsp.a(alt_release_fd.o)
 .data          0x0000000000813860        0x0 ../Assignment1_bsp/\libhal_bsp.a(alt_sbrk.o)
 .data          0x0000000000813860        0x0 ../Assignment1_bsp/\libhal_bsp.a(alt_tick.o)
 .data          0x0000000000813860        0x0 ../Assignment1_bsp/\libhal_bsp.a(alt_write.o)
 .data          0x0000000000813860     0x1244 ../Assignment1_bsp/\libhal_bsp.a(alt_sys_init.o)
 .data          0x0000000000814aa4        0x0 ../Assignment1_bsp/\libhal_bsp.a(altera_avalon_jtag_uart_fd.o)
 .data          0x0000000000814aa4        0x0 ../Assignment1_bsp/\libhal_bsp.a(altera_avalon_jtag_uart_init.o)
 .data          0x0000000000814aa4        0x0 ../Assignment1_bsp/\libhal_bsp.a(altera_avalon_jtag_uart_ioctl.o)
 .data          0x0000000000814aa4        0x0 ../Assignment1_bsp/\libhal_bsp.a(altera_avalon_jtag_uart_read.o)
 .data          0x0000000000814aa4        0x0 ../Assignment1_bsp/\libhal_bsp.a(altera_avalon_jtag_uart_write.o)
 .data          0x0000000000814aa4        0x0 ../Assignment1_bsp/\libhal_bsp.a(altera_avalon_lcd_16207.o)
 .data          0x0000000000814aa4        0x0 ../Assignment1_bsp/\libhal_bsp.a(altera_avalon_lcd_16207_fd.o)
 .data          0x0000000000814aa4        0x0 ../Assignment1_bsp/\libhal_bsp.a(altera_avalon_timer_sc.o)
 .data          0x0000000000814aa4        0x0 ../Assignment1_bsp/\libhal_bsp.a(altera_avalon_uart_fd.o)
 .data          0x0000000000814aa4        0x0 ../Assignment1_bsp/\libhal_bsp.a(altera_avalon_uart_init.o)
 .data          0x0000000000814aa4        0x0 ../Assignment1_bsp/\libhal_bsp.a(altera_avalon_uart_read.o)
 .data          0x0000000000814aa4        0x0 ../Assignment1_bsp/\libhal_bsp.a(altera_avalon_uart_write.o)
 .data          0x0000000000814aa4        0x0 ../Assignment1_bsp/\libhal_bsp.a(alt_dcache_flush_all.o)
 .data          0x0000000000814aa4        0x0 ../Assignment1_bsp/\libhal_bsp.a(alt_dev_llist_insert.o)
 .data          0x0000000000814aa4        0x0 ../Assignment1_bsp/\libhal_bsp.a(alt_do_ctors.o)
 .data          0x0000000000814aa4        0x0 ../Assignment1_bsp/\libhal_bsp.a(alt_do_dtors.o)
 .data          0x0000000000814aa4        0x0 ../Assignment1_bsp/\libhal_bsp.a(alt_find_dev.o)
 .data          0x0000000000814aa4        0x0 ../Assignment1_bsp/\libhal_bsp.a(alt_find_file.o)
 .data          0x0000000000814aa4        0x0 ../Assignment1_bsp/\libhal_bsp.a(alt_get_fd.o)
 .data          0x0000000000814aa4        0x0 ../Assignment1_bsp/\libhal_bsp.a(alt_icache_flush_all.o)
 .data          0x0000000000814aa4        0x0 ../Assignment1_bsp/\libhal_bsp.a(alt_iic.o)
 .data          0x0000000000814aa4        0x0 ../Assignment1_bsp/\libhal_bsp.a(alt_iic_isr_register.o)
 .data          0x0000000000814aa4        0x0 ../Assignment1_bsp/\libhal_bsp.a(alt_io_redirect.o)
 .data          0x0000000000814aa4        0x0 ../Assignment1_bsp/\libhal_bsp.a(alt_irq_entry.o)
 .data          0x0000000000814aa4        0x0 ../Assignment1_bsp/\libhal_bsp.a(alt_irq_handler.o)
 .data          0x0000000000814aa4        0x0 ../Assignment1_bsp/\libhal_bsp.a(alt_usleep.o)
 .data          0x0000000000814aa4        0x0 ../Assignment1_bsp/\libhal_bsp.a(altera_nios2_gen2_irq.o)
 .data          0x0000000000814aa4        0x0 ../Assignment1_bsp/\libhal_bsp.a(alt_busy_sleep.o)
 .data          0x0000000000814aa4        0x0 ../Assignment1_bsp/\libhal_bsp.a(alt_exception_entry.o)
 .data          0x0000000000814aa4        0x0 ../Assignment1_bsp/\libhal_bsp.a(alt_icache_flush.o)
 .data          0x0000000000814aa4        0x0 ../Assignment1_bsp/\libhal_bsp.a(alt_instruction_exception_entry.o)
 .data          0x0000000000814aa4        0x0 d:/programs/quartusprime/nios2eds/bin/gnu/h-x86_64-mingw32/bin/../lib/gcc/nios2-elf/5.3.0/../../../../../H-x86_64-mingw32/nios2-elf/lib\libc.a(lib_a-atexit.o)
 .data          0x0000000000814aa4        0x0 d:/programs/quartusprime/nios2eds/bin/gnu/h-x86_64-mingw32/bin/../lib/gcc/nios2-elf/5.3.0/../../../../../H-x86_64-mingw32/nios2-elf/lib\libc.a(lib_a-exit.o)
 .data          0x0000000000814aa4        0x0 d:/programs/quartusprime/nios2eds/bin/gnu/h-x86_64-mingw32/bin/../lib/gcc/nios2-elf/5.3.0/../../../../../H-x86_64-mingw32/nios2-elf/lib\libc.a(lib_a-memcmp.o)
 .data          0x0000000000814aa4        0x0 d:/programs/quartusprime/nios2eds/bin/gnu/h-x86_64-mingw32/bin/../lib/gcc/nios2-elf/5.3.0/../../../../../H-x86_64-mingw32/nios2-elf/lib\libc.a(lib_a-__atexit.o)
 .data          0x0000000000814aa4        0x0 d:/programs/quartusprime/nios2eds/bin/gnu/h-x86_64-mingw32/bin/../lib/gcc/nios2-elf/5.3.0/../../../../../H-x86_64-mingw32/nios2-elf/lib\libc.a(lib_a-__call_atexit.o)
 .data          0x0000000000814aa4        0x0 ../Assignment1_bsp/\libhal_bsp.a(alt_exit.o)
                0x000000000081caa4                _gp = ABSOLUTE ((. + 0x8000))
                [!provide]                        PROVIDE (gp, _gp)
 *(.rwdata .rwdata.*)
 *(.sdata .sdata.* .gnu.linkonce.s.*)
 .sdata         0x0000000000814aa4       0x1c obj/default/hello_world.o
                0x0000000000814aa4                t0
                0x0000000000814aa8                t1
                0x0000000000814aac                t2
                0x0000000000814ab0                t3
                0x0000000000814ab4                t4
                0x0000000000814ab8                t5
                0x0000000000814abc                currentTimeOut
 .sdata._global_impure_ptr